Archive member included because of file (symbol)

C:\Users\djjul\AppData\Local\arduino\cores\34f1621e9dd4ba609337d82e33f2cc4d\core.a(HardwareSerial.cpp.o)
                              C:\Users\djjul\AppData\Local\arduino\sketches\1B51BB292BAE7E0DF92AF1B7C3D3F9BB\sketch\dois_canais_display.ino.cpp.o (HardwareSerial::read())
C:\Users\djjul\AppData\Local\arduino\cores\34f1621e9dd4ba609337d82e33f2cc4d\core.a(Print.cpp.o)
                              C:\Users\djjul\AppData\Local\arduino\sketches\1B51BB292BAE7E0DF92AF1B7C3D3F9BB\sketch\dois_canais_display.ino.cpp.o (Print::write(void const*, unsigned long))
C:\Users\djjul\AppData\Local\arduino\cores\34f1621e9dd4ba609337d82e33f2cc4d\core.a(cxxabi-compat.cpp.o)
                              C:\Users\djjul\AppData\Local\arduino\sketches\1B51BB292BAE7E0DF92AF1B7C3D3F9BB\libraries\Wire\utility\WireBase.cpp.o (__cxa_pure_virtual)
C:\Users\djjul\AppData\Local\arduino\cores\34f1621e9dd4ba609337d82e33f2cc4d\core.a(adc.c.o)
                              C:\Users\djjul\AppData\Local\arduino\sketches\1B51BB292BAE7E0DF92AF1B7C3D3F9BB\core\wirish\boards.cpp.o (adc_set_sample_rate)
C:\Users\djjul\AppData\Local\arduino\cores\34f1621e9dd4ba609337d82e33f2cc4d\core.a(adc_f1.c.o)
                              (__irq_adc)
C:\Users\djjul\AppData\Local\arduino\cores\34f1621e9dd4ba609337d82e33f2cc4d\core.a(dma_f1.c.o)
                              (__irq_dma1_channel1)
C:\Users\djjul\AppData\Local\arduino\cores\34f1621e9dd4ba609337d82e33f2cc4d\core.a(exc.S.o)
                              (__exc_nmi)
C:\Users\djjul\AppData\Local\arduino\cores\34f1621e9dd4ba609337d82e33f2cc4d\core.a(exti.c.o)
                              (__irq_exti0)
C:\Users\djjul\AppData\Local\arduino\cores\34f1621e9dd4ba609337d82e33f2cc4d\core.a(exti_f1.c.o)
                              C:\Users\djjul\AppData\Local\arduino\cores\34f1621e9dd4ba609337d82e33f2cc4d\core.a(exti.c.o) (exti_select)
C:\Users\djjul\AppData\Local\arduino\cores\34f1621e9dd4ba609337d82e33f2cc4d\core.a(flash.c.o)
                              C:\Users\djjul\AppData\Local\arduino\sketches\1B51BB292BAE7E0DF92AF1B7C3D3F9BB\core\wirish\boards.cpp.o (flash_set_latency)
C:\Users\djjul\AppData\Local\arduino\cores\34f1621e9dd4ba609337d82e33f2cc4d\core.a(gpio_f1.c.o)
                              C:\Users\djjul\AppData\Local\arduino\sketches\1B51BB292BAE7E0DF92AF1B7C3D3F9BB\core\wirish\boards_setup.cpp.o (gpio_init_all)
C:\Users\djjul\AppData\Local\arduino\cores\34f1621e9dd4ba609337d82e33f2cc4d\core.a(i2c.c.o)
                              C:\Users\djjul\AppData\Local\arduino\sketches\1B51BB292BAE7E0DF92AF1B7C3D3F9BB\libraries\Wire\Wire.cpp.o (i2c_master_xfer)
C:\Users\djjul\AppData\Local\arduino\cores\34f1621e9dd4ba609337d82e33f2cc4d\core.a(i2c_f1.c.o)
                              C:\Users\djjul\AppData\Local\arduino\cores\34f1621e9dd4ba609337d82e33f2cc4d\core.a(i2c.c.o) (i2c_config_gpios)
C:\Users\djjul\AppData\Local\arduino\cores\34f1621e9dd4ba609337d82e33f2cc4d\core.a(nvic.c.o)
                              C:\Users\djjul\AppData\Local\arduino\cores\34f1621e9dd4ba609337d82e33f2cc4d\core.a(i2c_f1.c.o) (nvic_irq_set_priority)
C:\Users\djjul\AppData\Local\arduino\cores\34f1621e9dd4ba609337d82e33f2cc4d\core.a(rcc.c.o)
                              C:\Users\djjul\AppData\Local\arduino\sketches\1B51BB292BAE7E0DF92AF1B7C3D3F9BB\core\wirish\boards.cpp.o (rcc_switch_sysclk)
C:\Users\djjul\AppData\Local\arduino\cores\34f1621e9dd4ba609337d82e33f2cc4d\core.a(rcc_f1.c.o)
                              C:\Users\djjul\AppData\Local\arduino\sketches\1B51BB292BAE7E0DF92AF1B7C3D3F9BB\core\wirish\boards.cpp.o (rcc_configure_pll)
C:\Users\djjul\AppData\Local\arduino\cores\34f1621e9dd4ba609337d82e33f2cc4d\core.a(isrs.S.o)
                              (__stm32reservedexception7)
C:\Users\djjul\AppData\Local\arduino\cores\34f1621e9dd4ba609337d82e33f2cc4d\core.a(vector_table.S.o)
                              (__stm32_vector_table)
C:\Users\djjul\AppData\Local\arduino\cores\34f1621e9dd4ba609337d82e33f2cc4d\core.a(systick.c.o)
                              C:\Users\djjul\AppData\Local\arduino\sketches\1B51BB292BAE7E0DF92AF1B7C3D3F9BB\core\wirish\boards.cpp.o (systick_init)
C:\Users\djjul\AppData\Local\arduino\cores\34f1621e9dd4ba609337d82e33f2cc4d\core.a(timer.c.o)
                              C:\Users\djjul\AppData\Local\arduino\sketches\1B51BB292BAE7E0DF92AF1B7C3D3F9BB\core\wirish\boards.cpp.o (timer_foreach)
C:\Users\djjul\AppData\Local\arduino\cores\34f1621e9dd4ba609337d82e33f2cc4d\core.a(usart.c.o)
                              C:\Users\djjul\AppData\Local\arduino\cores\34f1621e9dd4ba609337d82e33f2cc4d\core.a(HardwareSerial.cpp.o) (usart_init)
C:\Users\djjul\AppData\Local\arduino\cores\34f1621e9dd4ba609337d82e33f2cc4d\core.a(usart_f1.c.o)
                              C:\Users\djjul\AppData\Local\arduino\cores\34f1621e9dd4ba609337d82e33f2cc4d\core.a(HardwareSerial.cpp.o) (usart_config_gpios_async)
[...]
Memory Configuration

Name             Origin             Length             Attributes
ram              0x20000000         0x00005000         xrw
rom              0x08000000         0x00020000         xr
*default*        0x00000000         0xffffffff

Linker script and memory map

LOAD c:/users/djjul/appdata/local/arduino15/packages/arduino/tools/arm-none-eabi-gcc/4.8.3-2014q1/bin/../lib/gcc/arm-none-eabi/4.8.3/armv7-m/crti.o
LOAD c:/users/djjul/appdata/local/arduino15/packages/arduino/tools/arm-none-eabi-gcc/4.8.3-2014q1/bin/../lib/gcc/arm-none-eabi/4.8.3/armv7-m/crtbegin.o
LOAD c:/users/djjul/appdata/local/arduino15/packages/arduino/tools/arm-none-eabi-gcc/4.8.3-2014q1/bin/../lib/gcc/arm-none-eabi/4.8.3/../../../../arm-none-eabi/lib/armv7-m/crt0.o
LOAD c:/users/djjul/appdata/local/arduino15/packages/arduino/tools/arm-none-eabi-gcc/4.8.3-2014q1/bin/../lib/gcc/arm-none-eabi/4.8.3/armv7-m\libgcc.a
START GROUP
LOAD C:\Users\djjul\AppData\Local\arduino\sketches\1B51BB292BAE7E0DF92AF1B7C3D3F9BB\sketch\dois_canais_display.ino.cpp.o
LOAD C:\Users\djjul\AppData\Local\arduino\sketches\1B51BB292BAE7E0DF92AF1B7C3D3F9BB\libraries\Wire\SoftWire.cpp.o
LOAD C:\Users\djjul\AppData\Local\arduino\sketches\1B51BB292BAE7E0DF92AF1B7C3D3F9BB\libraries\Wire\Wire.cpp.o
LOAD C:\Users\djjul\AppData\Local\arduino\sketches\1B51BB292BAE7E0DF92AF1B7C3D3F9BB\libraries\Wire\utility\WireBase.cpp.o
LOAD C:\Users\djjul\AppData\Local\arduino\sketches\1B51BB292BAE7E0DF92AF1B7C3D3F9BB\libraries\EEPROM\EEPROM.cpp.o
LOAD C:\Users\djjul\AppData\Local\arduino\sketches\1B51BB292BAE7E0DF92AF1B7C3D3F9BB\libraries\EEPROM\flash_stm32.c.o
LOAD C:\Users\djjul\AppData\Local\arduino\sketches\1B51BB292BAE7E0DF92AF1B7C3D3F9BB\libraries\SSD1306Ascii\SSD1306Ascii.cpp.o
LOAD C:\Users\djjul\AppData\Local\arduino\sketches\1B51BB292BAE7E0DF92AF1B7C3D3F9BB\core\board.cpp.o
LOAD C:\Users\djjul\AppData\Local\arduino\sketches\1B51BB292BAE7E0DF92AF1B7C3D3F9BB\core\wirish\boards.cpp.o
LOAD C:\Users\djjul\AppData\Local\arduino\sketches\1B51BB292BAE7E0DF92AF1B7C3D3F9BB\core\wirish\boards_setup.cpp.o
LOAD C:\Users\djjul\AppData\Local\arduino\sketches\1B51BB292BAE7E0DF92AF1B7C3D3F9BB\core\wirish\start.S.o
LOAD C:\Users\djjul\AppData\Local\arduino\sketches\1B51BB292BAE7E0DF92AF1B7C3D3F9BB\core\wirish\start_c.c.o
LOAD C:\Users\djjul\AppData\Local\arduino\sketches\1B51BB292BAE7E0DF92AF1B7C3D3F9BB\core\wirish\syscalls.c.o
LOAD C:\Users\djjul\AppData\Local\arduino\cores\34f1621e9dd4ba609337d82e33f2cc4d\core.a
END GROUP
LOAD c:/users/djjul/appdata/local/arduino15/packages/arduino/tools/arm-none-eabi-gcc/4.8.3-2014q1/bin/../lib/gcc/arm-none-eabi/4.8.3/../../../../arm-none-eabi/lib/armv7-m\libstdc++_s.a
LOAD c:/users/djjul/appdata/local/arduino15/packages/arduino/tools/arm-none-eabi-gcc/4.8.3-2014q1/bin/../lib/gcc/arm-none-eabi/4.8.3/../../../../arm-none-eabi/lib/armv7-m\libm.a
START GROUP
LOAD c:/users/djjul/appdata/local/arduino15/packages/arduino/tools/arm-none-eabi-gcc/4.8.3-2014q1/bin/../lib/gcc/arm-none-eabi/4.8.3/armv7-m\libgcc.a
LOAD c:/users/djjul/appdata/local/arduino15/packages/arduino/tools/arm-none-eabi-gcc/4.8.3-2014q1/bin/../lib/gcc/arm-none-eabi/4.8.3/../../../../arm-none-eabi/lib/armv7-m\libc_s.a
END GROUP
START GROUP
LOAD c:/users/djjul/appdata/local/arduino15/packages/arduino/tools/arm-none-eabi-gcc/4.8.3-2014q1/bin/../lib/gcc/arm-none-eabi/4.8.3/armv7-m\libgcc.a
LOAD c:/users/djjul/appdata/local/arduino15/packages/arduino/tools/arm-none-eabi-gcc/4.8.3-2014q1/bin/../lib/gcc/arm-none-eabi/4.8.3/../../../../arm-none-eabi/lib/armv7-m\libc_s.a
END GROUP
LOAD c:/users/djjul/appdata/local/arduino15/packages/arduino/tools/arm-none-eabi-gcc/4.8.3-2014q1/bin/../lib/gcc/arm-none-eabi/4.8.3/armv7-m/crtend.o
LOAD c:/users/djjul/appdata/local/arduino15/packages/arduino/tools/arm-none-eabi-gcc/4.8.3-2014q1/bin/../lib/gcc/arm-none-eabi/4.8.3/armv7-m/crtn.o
START GROUP
LOAD c:/users/djjul/appdata/local/arduino15/packages/arduino/tools/arm-none-eabi-gcc/4.8.3-2014q1/bin/../lib/gcc/arm-none-eabi/4.8.3/armv7-m\libgcc.a
LOAD c:/users/djjul/appdata/local/arduino15/packages/arduino/tools/arm-none-eabi-gcc/4.8.3-2014q1/bin/../lib/gcc/arm-none-eabi/4.8.3/../../../../arm-none-eabi/lib/armv7-m\libc.a
LOAD c:/users/djjul/appdata/local/arduino15/packages/arduino/tools/arm-none-eabi-gcc/4.8.3-2014q1/bin/../lib/gcc/arm-none-eabi/4.8.3/../../../../arm-none-eabi/lib/armv7-m\libm.a
END GROUP
START GROUP
LOAD c:/users/djjul/appdata/local/arduino15/packages/arduino/tools/arm-none-eabi-gcc/4.8.3-2014q1/bin/../lib/gcc/arm-none-eabi/4.8.3/../../../../arm-none-eabi/lib/armv7-m\libnosys.a
END GROUP
                0x20005000                PROVIDE (__msp_init, (ORIGIN (ram) + 0x5000))
                0x080017bc                PROVIDE (__exc_reset, __start__)

.text           0x08000000     0x4678
                0x08000000                __text_start__ = .
 *(.stm32.interrupt_vector)
 .stm32.interrupt_vector
                0x08000000       0xec C:\Users\djjul\AppData\Local\arduino\cores\34f1621e9dd4ba609337d82e33f2cc4d\core.a(vector_table.S.o)
                0x08000000                __stm32_vector_table
 *(.text .text.* .gnu.linkonce.t.*)
 .text          0x080000ec       0x54 c:/users/djjul/appdata/local/arduino15/packages/arduino/tools/arm-none-eabi-gcc/4.8.3-2014q1/bin/../lib/gcc/arm-none-eabi/4.8.3/armv7-m/crtbegin.o
 .text._ZN16SSD1306AsciiWire12writeDisplayEhh
                0x08000140       0x60 C:\Users\djjul\AppData\Local\arduino\sketches\1B51BB292BAE7E0DF92AF1B7C3D3F9BB\sketch\dois_canais_display.ino.cpp.o
                0x08000140                SSD1306AsciiWire::writeDisplay(unsigned char, unsigned char)
 .text._ZN12SSD1306Ascii15ssd1306WriteCmdEh
                0x080001a0        0xc C:\Users\djjul\AppData\Local\arduino\sketches\1B51BB292BAE7E0DF92AF1B7C3D3F9BB\sketch\dois_canais_display.ino.cpp.o
                0x080001a0                SSD1306Ascii::ssd1306WriteCmd(unsigned char)
 .text._Z10acordaTelav
                0x080001ac       0x30 C:\Users\djjul\AppData\Local\arduino\sketches\1B51BB292BAE7E0DF92AF1B7C3D3F9BB\sketch\dois_canais_display.ino.cpp.o
                0x080001ac                acordaTela()
 .text._Z15executarEfeitosv
                0x080001dc      0x1d0 C:\Users\djjul\AppData\Local\arduino\sketches\1B51BB292BAE7E0DF92AF1B7C3D3F9BB\sketch\dois_canais_display.ino.cpp.o
                0x080001dc                executarEfeitos()
 .text._Z18salvarConfiguracaov
                0x080003ac       0x4c C:\Users\djjul\AppData\Local\arduino\sketches\1B51BB292BAE7E0DF92AF1B7C3D3F9BB\sketch\dois_canais_display.ino.cpp.o
                0x080003ac                salvarConfiguracao()
 .text._Z13imprimeNumeroi
                0x080003f8       0x4c C:\Users\djjul\AppData\Local\arduino\sketches\1B51BB292BAE7E0DF92AF1B7C3D3F9BB\sketch\dois_canais_display.ino.cpp.o
                0x080003f8                imprimeNumero(int)
 .text._Z16atualizarDisplayv
                0x08000444      0x16c C:\Users\djjul\AppData\Local\arduino\sketches\1B51BB292BAE7E0DF92AF1B7C3D3F9BB\sketch\dois_canais_display.ino.cpp.o
                0x08000444                atualizarDisplay()
 .text._Z10lerSinalIRv
                0x080005b0       0x5c C:\Users\djjul\AppData\Local\arduino\sketches\1B51BB292BAE7E0DF92AF1B7C3D3F9BB\sketch\dois_canais_display.ino.cpp.o
                0x080005b0                lerSinalIR()
 .text._Z4loopv
                0x0800060c      0x334 C:\Users\djjul\AppData\Local\arduino\sketches\1B51BB292BAE7E0DF92AF1B7C3D3F9BB\sketch\dois_canais_display.ino.cpp.o
                0x0800060c                loop()
 .text.startup._GLOBAL__sub_I_oled
                0x08000940       0x28 C:\Users\djjul\AppData\Local\arduino\sketches\1B51BB292BAE7E0DF92AF1B7C3D3F9BB\sketch\dois_canais_display.ino.cpp.o
 .text._Z5setupv
                0x08000968      0x184 C:\Users\djjul\AppData\Local\arduino\sketches\1B51BB292BAE7E0DF92AF1B7C3D3F9BB\sketch\dois_canais_display.ino.cpp.o
                0x08000968                setup()
 .text._ZN7TwoWire7processEv
                0x08000aec        0xc C:\Users\djjul\AppData\Local\arduino\sketches\1B51BB292BAE7E0DF92AF1B7C3D3F9BB\libraries\Wire\Wire.cpp.o
                0x08000aec                TwoWire::process()
 .text._ZN7TwoWire5beginEh
                0x08000af8        0xe C:\Users\djjul\AppData\Local\arduino\sketches\1B51BB292BAE7E0DF92AF1B7C3D3F9BB\libraries\Wire\Wire.cpp.o
                0x08000af8                TwoWire::begin(unsigned char)
 .text.i2c_disable
                0x08000b06       0x1a C:\Users\djjul\AppData\Local\arduino\sketches\1B51BB292BAE7E0DF92AF1B7C3D3F9BB\libraries\Wire\Wire.cpp.o
 .text._ZN7TwoWire3endEv
                0x08000b20       0x10 C:\Users\djjul\AppData\Local\arduino\sketches\1B51BB292BAE7E0DF92AF1B7C3D3F9BB\libraries\Wire\Wire.cpp.o
                0x08000b20                TwoWire::end()
 .text._ZN7TwoWire7processEh
                0x08000b30       0x4a C:\Users\djjul\AppData\Local\arduino\sketches\1B51BB292BAE7E0DF92AF1B7C3D3F9BB\libraries\Wire\Wire.cpp.o
                0x08000b30                TwoWire::process(unsigned char)
 *fill*         0x08000b7a        0x2 
 .text._ZN7TwoWireD2Ev
                0x08000b7c       0x24 C:\Users\djjul\AppData\Local\arduino\sketches\1B51BB292BAE7E0DF92AF1B7C3D3F9BB\libraries\Wire\Wire.cpp.o
                0x08000b7c                TwoWire::~TwoWire()
                0x08000b7c                TwoWire::~TwoWire()
 .text._ZN7TwoWire8setClockEm
                0x08000ba0       0x26 C:\Users\djjul\AppData\Local\arduino\sketches\1B51BB292BAE7E0DF92AF1B7C3D3F9BB\libraries\Wire\Wire.cpp.o
                0x08000ba0                TwoWire::setClock(unsigned long)
 *fill*         0x08000bc6        0x2 
 .text.startup._GLOBAL__sub_I__ZN7TwoWire7processEh
                0x08000bc8       0x28 C:\Users\djjul\AppData\Local\arduino\sketches\1B51BB292BAE7E0DF92AF1B7C3D3F9BB\libraries\Wire\Wire.cpp.o
 .text.exit._GLOBAL__sub_D__ZN7TwoWire7processEh
                0x08000bf0        0xc C:\Users\djjul\AppData\Local\arduino\sketches\1B51BB292BAE7E0DF92AF1B7C3D3F9BB\libraries\Wire\Wire.cpp.o
 .text._ZN8WireBase3endEv
                0x08000bfc        0x2 C:\Users\djjul\AppData\Local\arduino\sketches\1B51BB292BAE7E0DF92AF1B7C3D3F9BB\libraries\Wire\utility\WireBase.cpp.o
                0x08000bfc                WireBase::end()
 .text._ZN8WireBase5beginEh
                0x08000bfe       0x14 C:\Users\djjul\AppData\Local\arduino\sketches\1B51BB292BAE7E0DF92AF1B7C3D3F9BB\libraries\Wire\utility\WireBase.cpp.o
                0x08000bfe                WireBase::begin(unsigned char)
 .text._ZN8WireBase17beginTransmissionEh
                0x08000c12       0x14 C:\Users\djjul\AppData\Local\arduino\sketches\1B51BB292BAE7E0DF92AF1B7C3D3F9BB\libraries\Wire\utility\WireBase.cpp.o
                0x08000c12                WireBase::beginTransmission(unsigned char)
 .text._ZN8WireBase15endTransmissionEb
                0x08000c26       0x1e C:\Users\djjul\AppData\Local\arduino\sketches\1B51BB292BAE7E0DF92AF1B7C3D3F9BB\libraries\Wire\utility\WireBase.cpp.o
                0x08000c26                WireBase::endTransmission(bool)
 .text._ZN8WireBase15endTransmissionEv
                0x08000c44        0x6 C:\Users\djjul\AppData\Local\arduino\sketches\1B51BB292BAE7E0DF92AF1B7C3D3F9BB\libraries\Wire\utility\WireBase.cpp.o
                0x08000c44                WireBase::endTransmission()
 .text._ZN8WireBase5writeEh
                0x08000c4a       0x28 C:\Users\djjul\AppData\Local\arduino\sketches\1B51BB292BAE7E0DF92AF1B7C3D3F9BB\libraries\Wire\utility\WireBase.cpp.o
                0x08000c4a                WireBase::write(unsigned char)
 .text._ZN8WireBase5writeEi
                0x08000c72        0x6 C:\Users\djjul\AppData\Local\arduino\sketches\1B51BB292BAE7E0DF92AF1B7C3D3F9BB\libraries\Wire\utility\WireBase.cpp.o
                0x08000c72                WireBase::write(int)
 .text._ZN11EEPROMClass12EE_CheckPageEmt
                0x08000c78       0x32 C:\Users\djjul\AppData\Local\arduino\sketches\1B51BB292BAE7E0DF92AF1B7C3D3F9BB\libraries\EEPROM\EEPROM.cpp.o
                0x08000c78                EEPROMClass::EE_CheckPage(unsigned long, unsigned short)
 .text._ZN11EEPROMClass12EE_ErasePageEm
                0x08000caa       0x3e C:\Users\djjul\AppData\Local\arduino\sketches\1B51BB292BAE7E0DF92AF1B7C3D3F9BB\libraries\EEPROM\EEPROM.cpp.o
                0x08000caa                EEPROMClass::EE_ErasePage(unsigned long)
 .text._ZN11EEPROMClass17EE_CheckErasePageEmt
                0x08000ce8       0x2a C:\Users\djjul\AppData\Local\arduino\sketches\1B51BB292BAE7E0DF92AF1B7C3D3F9BB\libraries\EEPROM\EEPROM.cpp.o
                0x08000ce8                EEPROMClass::EE_CheckErasePage(unsigned long, unsigned short)
 .text._ZN11EEPROMClass16EE_FindValidPageEv
                0x08000d12       0x2e C:\Users\djjul\AppData\Local\arduino\sketches\1B51BB292BAE7E0DF92AF1B7C3D3F9BB\libraries\EEPROM\EEPROM.cpp.o
                0x08000d12                EEPROMClass::EE_FindValidPage()
 .text._ZN11EEPROMClass20EE_GetVariablesCountEmt
                0x08000d40       0x3a C:\Users\djjul\AppData\Local\arduino\sketches\1B51BB292BAE7E0DF92AF1B7C3D3F9BB\libraries\EEPROM\EEPROM.cpp.o
                0x08000d40                EEPROMClass::EE_GetVariablesCount(unsigned long, unsigned short)
 .text._ZN11EEPROMClass15EE_PageTransferEmmt
                0x08000d7a       0xa0 C:\Users\djjul\AppData\Local\arduino\sketches\1B51BB292BAE7E0DF92AF1B7C3D3F9BB\libraries\EEPROM\EEPROM.cpp.o
                0x08000d7a                EEPROMClass::EE_PageTransfer(unsigned long, unsigned long, unsigned short)
 .text._ZN11EEPROMClass30EE_VerifyPageFullWriteVariableEtt
                0x08000e1a       0xe4 C:\Users\djjul\AppData\Local\arduino\sketches\1B51BB292BAE7E0DF92AF1B7C3D3F9BB\libraries\EEPROM\EEPROM.cpp.o
                0x08000e1a                EEPROMClass::EE_VerifyPageFullWriteVariable(unsigned short, unsigned short)
 .text._ZN11EEPROMClass6formatEv
                0x08000efe       0x3e C:\Users\djjul\AppData\Local\arduino\sketches\1B51BB292BAE7E0DF92AF1B7C3D3F9BB\libraries\EEPROM\EEPROM.cpp.o
                0x08000efe                EEPROMClass::format()
 .text._ZN11EEPROMClass4initEv
                0x08000f3c       0xcc C:\Users\djjul\AppData\Local\arduino\sketches\1B51BB292BAE7E0DF92AF1B7C3D3F9BB\libraries\EEPROM\EEPROM.cpp.o
                0x08000f3c                EEPROMClass::init()
 .text._ZN11EEPROMClass4readEtPt
                0x08001008       0x50 C:\Users\djjul\AppData\Local\arduino\sketches\1B51BB292BAE7E0DF92AF1B7C3D3F9BB\libraries\EEPROM\EEPROM.cpp.o
                0x08001008                EEPROMClass::read(unsigned short, unsigned short*)
 .text._ZN11EEPROMClass4readEt
                0x08001058       0x14 C:\Users\djjul\AppData\Local\arduino\sketches\1B51BB292BAE7E0DF92AF1B7C3D3F9BB\libraries\EEPROM\EEPROM.cpp.o
                0x08001058                EEPROMClass::read(unsigned short)
 .text._ZN11EEPROMClass5writeEtt
                0x0800106c       0x32 C:\Users\djjul\AppData\Local\arduino\sketches\1B51BB292BAE7E0DF92AF1B7C3D3F9BB\libraries\EEPROM\EEPROM.cpp.o
                0x0800106c                EEPROMClass::write(unsigned short, unsigned short)
 .text._ZN11EEPROMClass6updateEtt
                0x0800109e       0x22 C:\Users\djjul\AppData\Local\arduino\sketches\1B51BB292BAE7E0DF92AF1B7C3D3F9BB\libraries\EEPROM\EEPROM.cpp.o
                0x0800109e                EEPROMClass::update(unsigned short, unsigned short)
 .text.startup._GLOBAL__sub_I__ZN11EEPROMClass12EE_CheckPageEmt
                0x080010c0       0x20 C:\Users\djjul\AppData\Local\arduino\sketches\1B51BB292BAE7E0DF92AF1B7C3D3F9BB\libraries\EEPROM\EEPROM.cpp.o
 .text.FLASH_GetStatus
                0x080010e0       0x34 C:\Users\djjul\AppData\Local\arduino\sketches\1B51BB292BAE7E0DF92AF1B7C3D3F9BB\libraries\EEPROM\flash_stm32.c.o
                0x080010e0                FLASH_GetStatus
 .text.FLASH_WaitForLastOperation
                0x08001114       0x36 C:\Users\djjul\AppData\Local\arduino\sketches\1B51BB292BAE7E0DF92AF1B7C3D3F9BB\libraries\EEPROM\flash_stm32.c.o
                0x08001114                FLASH_WaitForLastOperation
 *fill*         0x0800114a        0x2 
 .text.FLASH_ErasePage
                0x0800114c       0x44 C:\Users\djjul\AppData\Local\arduino\sketches\1B51BB292BAE7E0DF92AF1B7C3D3F9BB\libraries\EEPROM\flash_stm32.c.o
                0x0800114c                FLASH_ErasePage
 .text.FLASH_ProgramHalfWord
                0x08001190       0x4c C:\Users\djjul\AppData\Local\arduino\sketches\1B51BB292BAE7E0DF92AF1B7C3D3F9BB\libraries\EEPROM\flash_stm32.c.o
                0x08001190                FLASH_ProgramHalfWord
 .text.FLASH_Unlock
                0x080011dc       0x18 C:\Users\djjul\AppData\Local\arduino\sketches\1B51BB292BAE7E0DF92AF1B7C3D3F9BB\libraries\EEPROM\flash_stm32.c.o
                0x080011dc                FLASH_Unlock
 .text._ZNK12SSD1306Ascii8fontRowsEv
                0x080011f4       0x18 C:\Users\djjul\AppData\Local\arduino\sketches\1B51BB292BAE7E0DF92AF1B7C3D3F9BB\libraries\SSD1306Ascii\SSD1306Ascii.cpp.o
                0x080011f4                SSD1306Ascii::fontRows() const
 .text._ZNK12SSD1306Ascii8fontSizeEv
                0x0800120c        0xc C:\Users\djjul\AppData\Local\arduino\sketches\1B51BB292BAE7E0DF92AF1B7C3D3F9BB\libraries\SSD1306Ascii\SSD1306Ascii.cpp.o
                0x0800120c                SSD1306Ascii::fontSize() const
 .text._ZN12SSD1306Ascii6setColEh
                0x08001218       0x28 C:\Users\djjul\AppData\Local\arduino\sketches\1B51BB292BAE7E0DF92AF1B7C3D3F9BB\libraries\SSD1306Ascii\SSD1306Ascii.cpp.o
                0x08001218                SSD1306Ascii::setCol(unsigned char)
 .text._ZN12SSD1306Ascii7setFontEPKh
                0x08001240       0x1a C:\Users\djjul\AppData\Local\arduino\sketches\1B51BB292BAE7E0DF92AF1B7C3D3F9BB\libraries\SSD1306Ascii\SSD1306Ascii.cpp.o
                0x08001240                SSD1306Ascii::setFont(unsigned char const*)
 .text._ZN12SSD1306Ascii6setRowEh
                0x0800125a       0x1e C:\Users\djjul\AppData\Local\arduino\sketches\1B51BB292BAE7E0DF92AF1B7C3D3F9BB\libraries\SSD1306Ascii\SSD1306Ascii.cpp.o
                0x0800125a                SSD1306Ascii::setRow(unsigned char)
 .text._ZN12SSD1306Ascii9setCursorEhh
                0x08001278       0x16 C:\Users\djjul\AppData\Local\arduino\sketches\1B51BB292BAE7E0DF92AF1B7C3D3F9BB\libraries\SSD1306Ascii\SSD1306Ascii.cpp.o
                0x08001278                SSD1306Ascii::setCursor(unsigned char, unsigned char)
 .text._ZN12SSD1306Ascii12setStartLineEh
                0x0800128e       0x12 C:\Users\djjul\AppData\Local\arduino\sketches\1B51BB292BAE7E0DF92AF1B7C3D3F9BB\libraries\SSD1306Ascii\SSD1306Ascii.cpp.o
                0x0800128e                SSD1306Ascii::setStartLine(unsigned char)
 .text._ZN12SSD1306Ascii18ssd1306WriteRamBufEh
                0x080012a0       0x2a C:\Users\djjul\AppData\Local\arduino\sketches\1B51BB292BAE7E0DF92AF1B7C3D3F9BB\libraries\SSD1306Ascii\SSD1306Ascii.cpp.o
                0x080012a0                SSD1306Ascii::ssd1306WriteRamBuf(unsigned char)
 .text._ZN12SSD1306Ascii5clearEhhhh
                0x080012ca       0x5c C:\Users\djjul\AppData\Local\arduino\sketches\1B51BB292BAE7E0DF92AF1B7C3D3F9BB\libraries\SSD1306Ascii\SSD1306Ascii.cpp.o
                0x080012ca                SSD1306Ascii::clear(unsigned char, unsigned char, unsigned char, unsigned char)
 .text._ZN12SSD1306Ascii5clearEv
                0x08001326       0x2c C:\Users\djjul\AppData\Local\arduino\sketches\1B51BB292BAE7E0DF92AF1B7C3D3F9BB\libraries\SSD1306Ascii\SSD1306Ascii.cpp.o
                0x08001326                SSD1306Ascii::clear()
 .text._ZN12SSD1306Ascii4initEPK7DevType
                0x08001352       0x34 C:\Users\djjul\AppData\Local\arduino\sketches\1B51BB292BAE7E0DF92AF1B7C3D3F9BB\libraries\SSD1306Ascii\SSD1306Ascii.cpp.o
                0x08001352                SSD1306Ascii::init(DevType const*)
 .text._ZN12SSD1306Ascii10clearToEOLEv
                0x08001386       0x26 C:\Users\djjul\AppData\Local\arduino\sketches\1B51BB292BAE7E0DF92AF1B7C3D3F9BB\libraries\SSD1306Ascii\SSD1306Ascii.cpp.o
                0x08001386                SSD1306Ascii::clearToEOL()
 .text._ZN12SSD1306Ascii5writeEh
                0x080013ac      0x200 C:\Users\djjul\AppData\Local\arduino\sketches\1B51BB292BAE7E0DF92AF1B7C3D3F9BB\libraries\SSD1306Ascii\SSD1306Ascii.cpp.o
                0x080013ac                SSD1306Ascii::write(unsigned char)
 .text._Z9boardInitv
                0x080015ac       0x30 C:\Users\djjul\AppData\Local\arduino\sketches\1B51BB292BAE7E0DF92AF1B7C3D3F9BB\core\board.cpp.o
                0x080015ac                boardInit()
 .text.startup._GLOBAL__sub_I__Z9boardInitv
                0x080015dc       0x48 C:\Users\djjul\AppData\Local\arduino\sketches\1B51BB292BAE7E0DF92AF1B7C3D3F9BB\core\board.cpp.o
 .text._ZL18adc_default_configP7adc_dev
                0x08001624       0x1c C:\Users\djjul\AppData\Local\arduino\sketches\1B51BB292BAE7E0DF92AF1B7C3D3F9BB\core\wirish\boards.cpp.o
 .text._ZL20timer_default_configP9timer_dev
                0x08001640       0x9e C:\Users\djjul\AppData\Local\arduino\sketches\1B51BB292BAE7E0DF92AF1B7C3D3F9BB\core\wirish\boards.cpp.o
 *fill*         0x080016de        0x2 
 .text._Z4initv
                0x080016e0       0xa8 C:\Users\djjul\AppData\Local\arduino\sketches\1B51BB292BAE7E0DF92AF1B7C3D3F9BB\core\wirish\boards.cpp.o
                0x080016e0                init()
 .text._ZN6wirish4priv15board_reset_pllEv
                0x08001788        0x2 C:\Users\djjul\AppData\Local\arduino\sketches\1B51BB292BAE7E0DF92AF1B7C3D3F9BB\core\wirish\boards_setup.cpp.o
                0x08001788                wirish::priv::board_reset_pll()
 .text._ZN6wirish4priv28board_setup_clock_prescalersEv
                0x0800178a       0x26 C:\Users\djjul\AppData\Local\arduino\sketches\1B51BB292BAE7E0DF92AF1B7C3D3F9BB\core\wirish\boards_setup.cpp.o
                0x0800178a                wirish::priv::board_setup_clock_prescalers()
 .text._ZN6wirish4priv16board_setup_gpioEv
                0x080017b0        0x4 C:\Users\djjul\AppData\Local\arduino\sketches\1B51BB292BAE7E0DF92AF1B7C3D3F9BB\core\wirish\boards_setup.cpp.o
                0x080017b0                wirish::priv::board_setup_gpio()
 .text._ZN6wirish4priv15board_setup_usbEv
                0x080017b4        0x2 C:\Users\djjul\AppData\Local\arduino\sketches\1B51BB292BAE7E0DF92AF1B7C3D3F9BB\core\wirish\boards_setup.cpp.o
                0x080017b4                wirish::priv::board_setup_usb()
 .text._ZN6wirish4priv11series_initEv
                0x080017b6        0x4 C:\Users\djjul\AppData\Local\arduino\sketches\1B51BB292BAE7E0DF92AF1B7C3D3F9BB\core\wirish\boards_setup.cpp.o
                0x080017b6                wirish::priv::series_init()
 *fill*         0x080017ba        0x2 
 .text          0x080017bc       0x10 C:\Users\djjul\AppData\Local\arduino\sketches\1B51BB292BAE7E0DF92AF1B7C3D3F9BB\core\wirish\start.S.o
                0x080017bc                __start__
 .text.start_c  0x080017cc       0x64 C:\Users\djjul\AppData\Local\arduino\sketches\1B51BB292BAE7E0DF92AF1B7C3D3F9BB\core\wirish\start_c.c.o
                0x080017cc                start_c
 .text._exit    0x08001830        0x2 C:\Users\djjul\AppData\Local\arduino\sketches\1B51BB292BAE7E0DF92AF1B7C3D3F9BB\core\wirish\syscalls.c.o
                0x08001830                _exit
 .text.rb_full_count
                0x08001832       0x22 C:\Users\djjul\AppData\Local\arduino\cores\34f1621e9dd4ba609337d82e33f2cc4d\core.a(HardwareSerial.cpp.o)
 .text._ZN14HardwareSerial4readEv
                0x08001854       0x3a C:\Users\djjul\AppData\Local\arduino\cores\34f1621e9dd4ba609337d82e33f2cc4d\core.a(HardwareSerial.cpp.o)
                0x08001854                HardwareSerial::read()
 .text._ZN14HardwareSerial9availableEv
                0x0800188e        0xc C:\Users\djjul\AppData\Local\arduino\cores\34f1621e9dd4ba609337d82e33f2cc4d\core.a(HardwareSerial.cpp.o)
                0x0800188e                HardwareSerial::available()
 .text._ZN14HardwareSerial4peekEv
                0x0800189a       0x22 C:\Users\djjul\AppData\Local\arduino\cores\34f1621e9dd4ba609337d82e33f2cc4d\core.a(HardwareSerial.cpp.o)
                0x0800189a                HardwareSerial::peek()
 .text._ZN14HardwareSerial5flushEv
                0x080018bc       0x1a C:\Users\djjul\AppData\Local\arduino\cores\34f1621e9dd4ba609337d82e33f2cc4d\core.a(HardwareSerial.cpp.o)
                0x080018bc                HardwareSerial::flush()
 .text._ZN14HardwareSerial5writeEh
                0x080018d6       0x1e C:\Users\djjul\AppData\Local\arduino\cores\34f1621e9dd4ba609337d82e33f2cc4d\core.a(HardwareSerial.cpp.o)
                0x080018d6                HardwareSerial::write(unsigned char)
 .text._ZN14HardwareSerialC2EP9usart_devhh
                0x080018f4       0x1c C:\Users\djjul\AppData\Local\arduino\cores\34f1621e9dd4ba609337d82e33f2cc4d\core.a(HardwareSerial.cpp.o)
                0x080018f4                HardwareSerial::HardwareSerial(usart_dev*, unsigned char, unsigned char)
                0x080018f4                HardwareSerial::HardwareSerial(usart_dev*, unsigned char, unsigned char)
 .text._ZN14HardwareSerial5beginEmh
                0x08001910       0x78 C:\Users\djjul\AppData\Local\arduino\cores\34f1621e9dd4ba609337d82e33f2cc4d\core.a(HardwareSerial.cpp.o)
                0x08001910                HardwareSerial::begin(unsigned long, unsigned char)
 .text._ZN5Print5writeEPKvm
                0x08001988       0x20 C:\Users\djjul\AppData\Local\arduino\cores\34f1621e9dd4ba609337d82e33f2cc4d\core.a(Print.cpp.o)
                0x08001988                Print::write(void const*, unsigned long)
 .text._ZN5Print5writeEPKc
                0x080019a8       0x1e C:\Users\djjul\AppData\Local\arduino\cores\34f1621e9dd4ba609337d82e33f2cc4d\core.a(Print.cpp.o)
                0x080019a8                Print::write(char const*)
 .text.__cxa_pure_virtual
                0x080019c6        0x2 C:\Users\djjul\AppData\Local\arduino\cores\34f1621e9dd4ba609337d82e33f2cc4d\core.a(cxxabi-compat.cpp.o)
                0x080019c6                __cxa_pure_virtual
 .text.adc_init
                0x080019c8       0x14 C:\Users\djjul\AppData\Local\arduino\cores\34f1621e9dd4ba609337d82e33f2cc4d\core.a(adc.c.o)
                0x080019c8                adc_init
 .text.adc_set_extsel
                0x080019dc       0x12 C:\Users\djjul\AppData\Local\arduino\cores\34f1621e9dd4ba609337d82e33f2cc4d\core.a(adc.c.o)
                0x080019dc                adc_set_extsel
 .text.adc_set_sample_rate
                0x080019ee       0x30 C:\Users\djjul\AppData\Local\arduino\cores\34f1621e9dd4ba609337d82e33f2cc4d\core.a(adc.c.o)
                0x080019ee                adc_set_sample_rate
 *fill*         0x08001a1e        0x2 
 .text.__irq_adc
                0x08001a20       0x50 C:\Users\djjul\AppData\Local\arduino\cores\34f1621e9dd4ba609337d82e33f2cc4d\core.a(adc_f1.c.o)
                0x08001a20                __irq_adc
 .text.adc_calibrate
                0x08001a70       0x24 C:\Users\djjul\AppData\Local\arduino\cores\34f1621e9dd4ba609337d82e33f2cc4d\core.a(adc_f1.c.o)
                0x08001a70                adc_calibrate
 .text.adc_set_prescaler
                0x08001a94        0x8 C:\Users\djjul\AppData\Local\arduino\cores\34f1621e9dd4ba609337d82e33f2cc4d\core.a(adc_f1.c.o)
                0x08001a94                adc_set_prescaler
 .text.adc_foreach
                0x08001a9c       0x1c C:\Users\djjul\AppData\Local\arduino\cores\34f1621e9dd4ba609337d82e33f2cc4d\core.a(adc_f1.c.o)
                0x08001a9c                adc_foreach
 .text.adc_enable_single_swstart
                0x08001ab8       0x36 C:\Users\djjul\AppData\Local\arduino\cores\34f1621e9dd4ba609337d82e33f2cc4d\core.a(adc_f1.c.o)
                0x08001ab8                adc_enable_single_swstart
 .text.dma_irq_handler
                0x08001aee       0x1c C:\Users\djjul\AppData\Local\arduino\cores\34f1621e9dd4ba609337d82e33f2cc4d\core.a(dma_f1.c.o)
 *fill*         0x08001b0a        0x2 
 .text.__irq_dma1_channel1
                0x08001b0c       0x10 C:\Users\djjul\AppData\Local\arduino\cores\34f1621e9dd4ba609337d82e33f2cc4d\core.a(dma_f1.c.o)
                0x08001b0c                __irq_dma1_channel1
 .text.__irq_dma1_channel2
                0x08001b1c       0x10 C:\Users\djjul\AppData\Local\arduino\cores\34f1621e9dd4ba609337d82e33f2cc4d\core.a(dma_f1.c.o)
                0x08001b1c                __irq_dma1_channel2
 .text.__irq_dma1_channel3
                0x08001b2c       0x10 C:\Users\djjul\AppData\Local\arduino\cores\34f1621e9dd4ba609337d82e33f2cc4d\core.a(dma_f1.c.o)
                0x08001b2c                __irq_dma1_channel3
 .text.__irq_dma1_channel4
                0x08001b3c       0x10 C:\Users\djjul\AppData\Local\arduino\cores\34f1621e9dd4ba609337d82e33f2cc4d\core.a(dma_f1.c.o)
                0x08001b3c                __irq_dma1_channel4
 .text.__irq_dma1_channel5
                0x08001b4c       0x10 C:\Users\djjul\AppData\Local\arduino\cores\34f1621e9dd4ba609337d82e33f2cc4d\core.a(dma_f1.c.o)
                0x08001b4c                __irq_dma1_channel5
 .text.__irq_dma1_channel6
                0x08001b5c       0x10 C:\Users\djjul\AppData\Local\arduino\cores\34f1621e9dd4ba609337d82e33f2cc4d\core.a(dma_f1.c.o)
                0x08001b5c                __irq_dma1_channel6
 .text.__irq_dma1_channel7
                0x08001b6c       0x10 C:\Users\djjul\AppData\Local\arduino\cores\34f1621e9dd4ba609337d82e33f2cc4d\core.a(dma_f1.c.o)
                0x08001b6c                __irq_dma1_channel7
 *fill*         0x08001b7c        0x4 
 .text          0x08001b80       0x60 C:\Users\djjul\AppData\Local\arduino\cores\34f1621e9dd4ba609337d82e33f2cc4d\core.a(exc.S.o)
                0x08001b80                __exc_nmi
                0x08001b84                __exc_hardfault
                0x08001b88                __exc_memmanage
                0x08001b8c                __exc_busfault
                0x08001b90                __exc_usagefault
 .text.dispatch_single_exti
                0x08001be0       0x2c C:\Users\djjul\AppData\Local\arduino\cores\34f1621e9dd4ba609337d82e33f2cc4d\core.a(exti.c.o)
                0x08001be0                dispatch_single_exti
 .text.dispatch_extis
                0x08001c0c       0x4c C:\Users\djjul\AppData\Local\arduino\cores\34f1621e9dd4ba609337d82e33f2cc4d\core.a(exti.c.o)
                0x08001c0c                dispatch_extis
 .text.__irq_exti0
                0x08001c58        0x6 C:\Users\djjul\AppData\Local\arduino\cores\34f1621e9dd4ba609337d82e33f2cc4d\core.a(exti.c.o)
                0x08001c58                __irq_exti0
 .text.__irq_exti1
                0x08001c5e        0x6 C:\Users\djjul\AppData\Local\arduino\cores\34f1621e9dd4ba609337d82e33f2cc4d\core.a(exti.c.o)
                0x08001c5e                __irq_exti1
 .text.__irq_exti2
                0x08001c64        0x6 C:\Users\djjul\AppData\Local\arduino\cores\34f1621e9dd4ba609337d82e33f2cc4d\core.a(exti.c.o)
                0x08001c64                __irq_exti2
 .text.__irq_exti3
                0x08001c6a        0x6 C:\Users\djjul\AppData\Local\arduino\cores\34f1621e9dd4ba609337d82e33f2cc4d\core.a(exti.c.o)
                0x08001c6a                __irq_exti3
 .text.__irq_exti4
                0x08001c70        0x6 C:\Users\djjul\AppData\Local\arduino\cores\34f1621e9dd4ba609337d82e33f2cc4d\core.a(exti.c.o)
                0x08001c70                __irq_exti4
 .text.__irq_exti9_5
                0x08001c76        0x8 C:\Users\djjul\AppData\Local\arduino\cores\34f1621e9dd4ba609337d82e33f2cc4d\core.a(exti.c.o)
                0x08001c76                __irq_exti9_5
 .text.__irq_exti15_10
                0x08001c7e        0x8 C:\Users\djjul\AppData\Local\arduino\cores\34f1621e9dd4ba609337d82e33f2cc4d\core.a(exti.c.o)
                0x08001c7e                __irq_exti15_10
 *fill*         0x08001c86        0x2 
 .text.flash_set_latency
                0x08001c88       0x14 C:\Users\djjul\AppData\Local\arduino\cores\34f1621e9dd4ba609337d82e33f2cc4d\core.a(flash.c.o)
                0x08001c88                flash_set_latency
 .text.gpio_init_all
                0x08001c9c       0x30 C:\Users\djjul\AppData\Local\arduino\cores\34f1621e9dd4ba609337d82e33f2cc4d\core.a(gpio_f1.c.o)
                0x08001c9c                gpio_init_all
 .text.gpio_set_mode
                0x08001ccc       0x50 C:\Users\djjul\AppData\Local\arduino\cores\34f1621e9dd4ba609337d82e33f2cc4d\core.a(gpio_f1.c.o)
                0x08001ccc                gpio_set_mode
 .text.afio_init
                0x08001d1c       0x12 C:\Users\djjul\AppData\Local\arduino\cores\34f1621e9dd4ba609337d82e33f2cc4d\core.a(gpio_f1.c.o)
                0x08001d1c                afio_init
 *fill*         0x08001d2e        0x2 
 .text.afio_remap
                0x08001d30       0x20 C:\Users\djjul\AppData\Local\arduino\cores\34f1621e9dd4ba609337d82e33f2cc4d\core.a(gpio_f1.c.o)
                0x08001d30                afio_remap
 .text.nvic_irq_enable
                0x08001d50       0x1c C:\Users\djjul\AppData\Local\arduino\cores\34f1621e9dd4ba609337d82e33f2cc4d\core.a(i2c.c.o)
 .text.i2c_disable_irq
                0x08001d6c        0xc C:\Users\djjul\AppData\Local\arduino\cores\34f1621e9dd4ba609337d82e33f2cc4d\core.a(i2c.c.o)
 .text.delay_us.part.0.constprop.6
                0x08001d78        0xa C:\Users\djjul\AppData\Local\arduino\cores\34f1621e9dd4ba609337d82e33f2cc4d\core.a(i2c.c.o)
 .text.i2c_bus_reset
                0x08001d82       0xc2 C:\Users\djjul\AppData\Local\arduino\cores\34f1621e9dd4ba609337d82e33f2cc4d\core.a(i2c.c.o)
                0x08001d82                i2c_bus_reset
 .text.i2c_init
                0x08001e44       0x1e C:\Users\djjul\AppData\Local\arduino\cores\34f1621e9dd4ba609337d82e33f2cc4d\core.a(i2c.c.o)
                0x08001e44                i2c_init
 *fill*         0x08001e62        0x2 
 .text.wait_for_state_change
                0x08001e64       0x98 C:\Users\djjul\AppData\Local\arduino\cores\34f1621e9dd4ba609337d82e33f2cc4d\core.a(i2c.c.o)
                0x08001e64                wait_for_state_change
 .text.i2c_master_xfer
                0x08001efc       0xcc C:\Users\djjul\AppData\Local\arduino\cores\34f1621e9dd4ba609337d82e33f2cc4d\core.a(i2c.c.o)
                0x08001efc                i2c_master_xfer
 .text._i2c_irq_handler
                0x08001fc8      0x3d8 C:\Users\djjul\AppData\Local\arduino\cores\34f1621e9dd4ba609337d82e33f2cc4d\core.a(i2c.c.o)
                0x08001fc8                _i2c_irq_handler
 .text._i2c_irq_error_handler
                0x080023a0       0x74 C:\Users\djjul\AppData\Local\arduino\cores\34f1621e9dd4ba609337d82e33f2cc4d\core.a(i2c.c.o)
                0x080023a0                _i2c_irq_error_handler
 .text.i2c_set_ccr_trise
                0x08002414       0x54 C:\Users\djjul\AppData\Local\arduino\cores\34f1621e9dd4ba609337d82e33f2cc4d\core.a(i2c.c.o)
                0x08002414                i2c_set_ccr_trise
 .text.i2c_master_enable
                0x08002468      0x1b4 C:\Users\djjul\AppData\Local\arduino\cores\34f1621e9dd4ba609337d82e33f2cc4d\core.a(i2c.c.o)
                0x08002468                i2c_master_enable
 .text.i2c_config_gpios
                0x0800261c       0x58 C:\Users\djjul\AppData\Local\arduino\cores\34f1621e9dd4ba609337d82e33f2cc4d\core.a(i2c_f1.c.o)
                0x0800261c                i2c_config_gpios
 .text.i2c_master_release_bus
                0x08002674       0x4c C:\Users\djjul\AppData\Local\arduino\cores\34f1621e9dd4ba609337d82e33f2cc4d\core.a(i2c_f1.c.o)
                0x08002674                i2c_master_release_bus
 .text.__irq_i2c1_ev
                0x080026c0        0xc C:\Users\djjul\AppData\Local\arduino\cores\34f1621e9dd4ba609337d82e33f2cc4d\core.a(i2c_f1.c.o)
                0x080026c0                __irq_i2c1_ev
 .text.__irq_i2c2_ev
                0x080026cc        0xc C:\Users\djjul\AppData\Local\arduino\cores\34f1621e9dd4ba609337d82e33f2cc4d\core.a(i2c_f1.c.o)
                0x080026cc                __irq_i2c2_ev
 .text.__irq_i2c1_er
                0x080026d8        0xc C:\Users\djjul\AppData\Local\arduino\cores\34f1621e9dd4ba609337d82e33f2cc4d\core.a(i2c_f1.c.o)
                0x080026d8                __irq_i2c1_er
 .text.__irq_i2c2_er
                0x080026e4        0xc C:\Users\djjul\AppData\Local\arduino\cores\34f1621e9dd4ba609337d82e33f2cc4d\core.a(i2c_f1.c.o)
                0x080026e4                __irq_i2c2_er
 .text._i2c_irq_priority_fixup
                0x080026f0        0xa C:\Users\djjul\AppData\Local\arduino\cores\34f1621e9dd4ba609337d82e33f2cc4d\core.a(i2c_f1.c.o)
                0x080026f0                _i2c_irq_priority_fixup
 *fill*         0x080026fa        0x2 
 .text.nvic_irq_set_priority
                0x080026fc       0x28 C:\Users\djjul\AppData\Local\arduino\cores\34f1621e9dd4ba609337d82e33f2cc4d\core.a(nvic.c.o)
                0x080026fc                nvic_irq_set_priority
 .text.nvic_init
                0x08002724       0x30 C:\Users\djjul\AppData\Local\arduino\cores\34f1621e9dd4ba609337d82e33f2cc4d\core.a(nvic.c.o)
                0x08002724                nvic_init
 .text.nvic_sys_reset
                0x08002754       0x1c C:\Users\djjul\AppData\Local\arduino\cores\34f1621e9dd4ba609337d82e33f2cc4d\core.a(nvic.c.o)
                0x08002754                nvic_sys_reset
 .text.rcc_dev_clk
                0x08002770        0xc C:\Users\djjul\AppData\Local\arduino\cores\34f1621e9dd4ba609337d82e33f2cc4d\core.a(rcc.c.o)
                0x08002770                rcc_dev_clk
 .text.rcc_switch_sysclk
                0x0800277c       0x20 C:\Users\djjul\AppData\Local\arduino\cores\34f1621e9dd4ba609337d82e33f2cc4d\core.a(rcc.c.o)
                0x0800277c                rcc_switch_sysclk
 .text.rcc_turn_on_clk
                0x0800279c       0x1a C:\Users\djjul\AppData\Local\arduino\cores\34f1621e9dd4ba609337d82e33f2cc4d\core.a(rcc.c.o)
                0x0800279c                rcc_turn_on_clk
 .text.rcc_turn_off_clk
                0x080027b6       0x1c C:\Users\djjul\AppData\Local\arduino\cores\34f1621e9dd4ba609337d82e33f2cc4d\core.a(rcc.c.o)
                0x080027b6                rcc_turn_off_clk
 .text.rcc_is_clk_ready
                0x080027d2       0x18 C:\Users\djjul\AppData\Local\arduino\cores\34f1621e9dd4ba609337d82e33f2cc4d\core.a(rcc.c.o)
                0x080027d2                rcc_is_clk_ready
 *fill*         0x080027ea        0x2 
 .text.rcc_configure_pll
                0x080027ec       0x18 C:\Users\djjul\AppData\Local\arduino\cores\34f1621e9dd4ba609337d82e33f2cc4d\core.a(rcc_f1.c.o)
                0x080027ec                rcc_configure_pll
 .text.rcc_clk_enable
                0x08002804       0x30 C:\Users\djjul\AppData\Local\arduino\cores\34f1621e9dd4ba609337d82e33f2cc4d\core.a(rcc_f1.c.o)
                0x08002804                rcc_clk_enable
 .text.rcc_reset_dev
                0x08002834       0x34 C:\Users\djjul\AppData\Local\arduino\cores\34f1621e9dd4ba609337d82e33f2cc4d\core.a(rcc_f1.c.o)
                0x08002834                rcc_reset_dev
 .text.rcc_set_prescaler
                0x08002868       0x20 C:\Users\djjul\AppData\Local\arduino\cores\34f1621e9dd4ba609337d82e33f2cc4d\core.a(rcc_f1.c.o)
                0x08002868                rcc_set_prescaler
 .text.rcc_clk_disable
                0x08002888       0x30 C:\Users\djjul\AppData\Local\arduino\cores\34f1621e9dd4ba609337d82e33f2cc4d\core.a(rcc_f1.c.o)
                0x08002888                rcc_clk_disable
 .text          0x080028b8        0x2 C:\Users\djjul\AppData\Local\arduino\cores\34f1621e9dd4ba609337d82e33f2cc4d\core.a(isrs.S.o)
                0x080028b8                __stm32reservedexception9
                0x080028b8                __exc_debug_monitor
                0x080028b8                __exc_svc
                0x080028b8                __irq_can_rx1
                0x080028b8                __irq_spi2
                0x080028b8                __irq_can_sce
                0x080028b8                __irq_pvd
                0x080028b8                __irq_tamper
                0x080028b8                __default_handler
                0x080028b8                __irq_wwdg
                0x080028b8                __stm32reservedexception10
                0x080028b8                __irq_flash
                0x080028b8                __stm32reservedexception13
                0x080028b8                __irq_rtc
                0x080028b8                __irq_spi1
                0x080028b8                __stm32reservedexception7
                0x080028b8                __irq_usb_hp_can_tx
                0x080028b8                __irq_rtcalarm
                0x080028b8                __stm32reservedexception8
                0x080028b8                __exc_pendsv
                0x080028b8                __irq_usbwakeup
                0x080028b8                __irq_rcc
 *fill*         0x080028ba        0x2 
 .text.systick_init
                0x080028bc       0x10 C:\Users\djjul\AppData\Local\arduino\cores\34f1621e9dd4ba609337d82e33f2cc4d\core.a(systick.c.o)
                0x080028bc                systick_init
 .text.__exc_systick
                0x080028cc       0x1c C:\Users\djjul\AppData\Local\arduino\cores\34f1621e9dd4ba609337d82e33f2cc4d\core.a(systick.c.o)
                0x080028cc                __exc_systick
 .text.timer_oc_set_mode
                0x080028e8       0x3a C:\Users\djjul\AppData\Local\arduino\cores\34f1621e9dd4ba609337d82e33f2cc4d\core.a(timer.c.o)
 .text.dispatch_general
                0x08002922       0x66 C:\Users\djjul\AppData\Local\arduino\cores\34f1621e9dd4ba609337d82e33f2cc4d\core.a(timer.c.o)
 .text.timer_cc_enable
                0x08002988       0x1c C:\Users\djjul\AppData\Local\arduino\cores\34f1621e9dd4ba609337d82e33f2cc4d\core.a(timer.c.o)
 .text.timer_foreach
                0x080029a4       0x28 C:\Users\djjul\AppData\Local\arduino\cores\34f1621e9dd4ba609337d82e33f2cc4d\core.a(timer.c.o)
                0x080029a4                timer_foreach
 .text.timer_init
                0x080029cc       0x14 C:\Users\djjul\AppData\Local\arduino\cores\34f1621e9dd4ba609337d82e33f2cc4d\core.a(timer.c.o)
                0x080029cc                timer_init
 .text.timer_has_cc_channel
                0x080029e0       0x30 C:\Users\djjul\AppData\Local\arduino\cores\34f1621e9dd4ba609337d82e33f2cc4d\core.a(timer.c.o)
                0x080029e0                timer_has_cc_channel
 .text.timer_detach_interrupt
                0x08002a10       0x1e C:\Users\djjul\AppData\Local\arduino\cores\34f1621e9dd4ba609337d82e33f2cc4d\core.a(timer.c.o)
                0x08002a10                timer_detach_interrupt
 .text.input_capture_mode
                0x08002a2e       0x1a C:\Users\djjul\AppData\Local\arduino\cores\34f1621e9dd4ba609337d82e33f2cc4d\core.a(timer.c.o)
                0x08002a2e                input_capture_mode
 .text.timer_set_mode
                0x08002a48       0x8c C:\Users\djjul\AppData\Local\arduino\cores\34f1621e9dd4ba609337d82e33f2cc4d\core.a(timer.c.o)
                0x08002a48                timer_set_mode
 .text.__irq_tim1_brk
                0x08002ad4       0x24 C:\Users\djjul\AppData\Local\arduino\cores\34f1621e9dd4ba609337d82e33f2cc4d\core.a(timer.c.o)
                0x08002ad4                __irq_tim1_brk
 .text.__irq_tim1_up
                0x08002af8       0x24 C:\Users\djjul\AppData\Local\arduino\cores\34f1621e9dd4ba609337d82e33f2cc4d\core.a(timer.c.o)
                0x08002af8                __irq_tim1_up
 .text.__irq_tim1_trg_com
                0x08002b1c       0x34 C:\Users\djjul\AppData\Local\arduino\cores\34f1621e9dd4ba609337d82e33f2cc4d\core.a(timer.c.o)
                0x08002b1c                __irq_tim1_trg_com
 .text.__irq_tim1_cc
                0x08002b50       0x50 C:\Users\djjul\AppData\Local\arduino\cores\34f1621e9dd4ba609337d82e33f2cc4d\core.a(timer.c.o)
                0x08002b50                __irq_tim1_cc
 .text.__irq_tim2
                0x08002ba0        0xc C:\Users\djjul\AppData\Local\arduino\cores\34f1621e9dd4ba609337d82e33f2cc4d\core.a(timer.c.o)
                0x08002ba0                __irq_tim2
 .text.__irq_tim3
                0x08002bac        0xc C:\Users\djjul\AppData\Local\arduino\cores\34f1621e9dd4ba609337d82e33f2cc4d\core.a(timer.c.o)
                0x08002bac                __irq_tim3
 .text.__irq_tim4
                0x08002bb8        0xc C:\Users\djjul\AppData\Local\arduino\cores\34f1621e9dd4ba609337d82e33f2cc4d\core.a(timer.c.o)
                0x08002bb8                __irq_tim4
 .text.usart_init
                0x08002bc4       0x4c C:\Users\djjul\AppData\Local\arduino\cores\34f1621e9dd4ba609337d82e33f2cc4d\core.a(usart.c.o)
                0x08002bc4                usart_init
 .text.usart_enable
                0x08002c10       0x14 C:\Users\djjul\AppData\Local\arduino\cores\34f1621e9dd4ba609337d82e33f2cc4d\core.a(usart.c.o)
                0x08002c10                usart_enable
 .text.usart_tx
                0x08002c24       0x9c C:\Users\djjul\AppData\Local\arduino\cores\34f1621e9dd4ba609337d82e33f2cc4d\core.a(usart.c.o)
                0x08002c24                usart_tx
 .text.usart_irq
                0x08002cc0       0xc8 C:\Users\djjul\AppData\Local\arduino\cores\34f1621e9dd4ba609337d82e33f2cc4d\core.a(usart_f1.c.o)
 .text.usart_config_gpios_async
                0x08002d88       0x4a C:\Users\djjul\AppData\Local\arduino\cores\34f1621e9dd4ba609337d82e33f2cc4d\core.a(usart_f1.c.o)
                0x08002d88                usart_config_gpios_async
 .text.usart_set_baud_rate
                0x08002dd2       0x3c C:\Users\djjul\AppData\Local\arduino\cores\34f1621e9dd4ba609337d82e33f2cc4d\core.a(usart_f1.c.o)
                0x08002dd2                usart_set_baud_rate
 *fill*         0x08002e0e        0x2 
 .text.__irq_usart1
                0x08002e10       0x18 C:\Users\djjul\AppData\Local\arduino\cores\34f1621e9dd4ba609337d82e33f2cc4d\core.a(usart_f1.c.o)
                0x08002e10                __irq_usart1
 .text.__irq_usart2
                0x08002e28       0x18 C:\Users\djjul\AppData\Local\arduino\cores\34f1621e9dd4ba609337d82e33f2cc4d\core.a(usart_f1.c.o)
                0x08002e28                __irq_usart2
 .text.__irq_usart3
                0x08002e40       0x18 C:\Users\djjul\AppData\Local\arduino\cores\34f1621e9dd4ba609337d82e33f2cc4d\core.a(usart_f1.c.o)
                0x08002e40                __irq_usart3
 .text._usart_clock_freq
                0x08002e58       0x24 C:\Users\djjul\AppData\Local\arduino\cores\34f1621e9dd4ba609337d82e33f2cc4d\core.a(usart_private.c.o)
                0x08002e58                _usart_clock_freq
 .text.usb_resume
                0x08002e7c       0xb4 C:\Users\djjul\AppData\Local\arduino\cores\34f1621e9dd4ba609337d82e33f2cc4d\core.a(usb.c.o)
 .text.__irq_usb_lp_can_rx0
                0x08002f30      0x1c8 C:\Users\djjul\AppData\Local\arduino\cores\34f1621e9dd4ba609337d82e33f2cc4d\core.a(usb.c.o)
                0x08002f30                __irq_usb_lp_can_rx0
 .text.usb_set_ep_rx_stat
                0x080030f8       0x22 C:\Users\djjul\AppData\Local\arduino\cores\34f1621e9dd4ba609337d82e33f2cc4d\core.a(usb_cdcacm.c.o)
 *fill*         0x0800311a        0x2 
 .text.vcomGetSetLineCoding
                0x0800311c       0x18 C:\Users\djjul\AppData\Local\arduino\cores\34f1621e9dd4ba609337d82e33f2cc4d\core.a(usb_cdcacm.c.o)
 .text.usbDataSetup
                0x08003134       0x54 C:\Users\djjul\AppData\Local\arduino\cores\34f1621e9dd4ba609337d82e33f2cc4d\core.a(usb_cdcacm.c.o)
 .text.usbNoDataSetup
                0x08003188       0x50 C:\Users\djjul\AppData\Local\arduino\cores\34f1621e9dd4ba609337d82e33f2cc4d\core.a(usb_cdcacm.c.o)
 .text.usbGetInterfaceSetting
                0x080031d8       0x10 C:\Users\djjul\AppData\Local\arduino\cores\34f1621e9dd4ba609337d82e33f2cc4d\core.a(usb_cdcacm.c.o)
 .text.usbGetStringDescriptor
                0x080031e8       0x20 C:\Users\djjul\AppData\Local\arduino\cores\34f1621e9dd4ba609337d82e33f2cc4d\core.a(usb_cdcacm.c.o)
 .text.usbGetConfigDescriptor
                0x08003208        0xc C:\Users\djjul\AppData\Local\arduino\cores\34f1621e9dd4ba609337d82e33f2cc4d\core.a(usb_cdcacm.c.o)
 .text.usbGetDeviceDescriptor
                0x08003214        0xc C:\Users\djjul\AppData\Local\arduino\cores\34f1621e9dd4ba609337d82e33f2cc4d\core.a(usb_cdcacm.c.o)
 .text.usbInit  0x08003220       0x44 C:\Users\djjul\AppData\Local\arduino\cores\34f1621e9dd4ba609337d82e33f2cc4d\core.a(usb_cdcacm.c.o)
 .text.usbReset
                0x08003264      0x160 C:\Users\djjul\AppData\Local\arduino\cores\34f1621e9dd4ba609337d82e33f2cc4d\core.a(usb_cdcacm.c.o)
 .text.usb_set_ep_rx_count
                0x080033c4       0x4c C:\Users\djjul\AppData\Local\arduino\cores\34f1621e9dd4ba609337d82e33f2cc4d\core.a(usb_reg_map.c.o)
                0x080033c4                usb_set_ep_rx_count
 .text.Standard_GetConfiguration
                0x08003410       0x24 C:\Users\djjul\AppData\Local\arduino\cores\34f1621e9dd4ba609337d82e33f2cc4d\core.a(usb_core.c.o)
                0x08003410                Standard_GetConfiguration
 .text.Standard_GetInterface
                0x08003434       0x24 C:\Users\djjul\AppData\Local\arduino\cores\34f1621e9dd4ba609337d82e33f2cc4d\core.a(usb_core.c.o)
                0x08003434                Standard_GetInterface
 .text.Standard_GetStatus
                0x08003458       0x90 C:\Users\djjul\AppData\Local\arduino\cores\34f1621e9dd4ba609337d82e33f2cc4d\core.a(usb_core.c.o)
                0x08003458                Standard_GetStatus
 .text.DataStageIn
                0x080034e8       0xa8 C:\Users\djjul\AppData\Local\arduino\cores\34f1621e9dd4ba609337d82e33f2cc4d\core.a(usb_core.c.o)
 .text.Standard_SetConfiguration
                0x08003590       0x38 C:\Users\djjul\AppData\Local\arduino\cores\34f1621e9dd4ba609337d82e33f2cc4d\core.a(usb_core.c.o)
                0x08003590                Standard_SetConfiguration
 .text.Standard_SetInterface
                0x080035c8       0x48 C:\Users\djjul\AppData\Local\arduino\cores\34f1621e9dd4ba609337d82e33f2cc4d\core.a(usb_core.c.o)
                0x080035c8                Standard_SetInterface
 .text.Standard_ClearFeature
                0x08003610       0xd0 C:\Users\djjul\AppData\Local\arduino\cores\34f1621e9dd4ba609337d82e33f2cc4d\core.a(usb_core.c.o)
                0x08003610                Standard_ClearFeature
 .text.Standard_SetEndPointFeature
                0x080036e0       0x84 C:\Users\djjul\AppData\Local\arduino\cores\34f1621e9dd4ba609337d82e33f2cc4d\core.a(usb_core.c.o)
                0x080036e0                Standard_SetEndPointFeature
 .text.Standard_SetDeviceFeature
                0x08003764       0x24 C:\Users\djjul\AppData\Local\arduino\cores\34f1621e9dd4ba609337d82e33f2cc4d\core.a(usb_core.c.o)
                0x08003764                Standard_SetDeviceFeature
 .text.Standard_GetDescriptorData
                0x08003788       0x1c C:\Users\djjul\AppData\Local\arduino\cores\34f1621e9dd4ba609337d82e33f2cc4d\core.a(usb_core.c.o)
                0x08003788                Standard_GetDescriptorData
 .text.Post0_Process
                0x080037a4       0x40 C:\Users\djjul\AppData\Local\arduino\cores\34f1621e9dd4ba609337d82e33f2cc4d\core.a(usb_core.c.o)
                0x080037a4                Post0_Process
 .text.Setup0_Process
                0x080037e4      0x2d0 C:\Users\djjul\AppData\Local\arduino\cores\34f1621e9dd4ba609337d82e33f2cc4d\core.a(usb_core.c.o)
                0x080037e4                Setup0_Process
 .text.Out0_Process
                0x08003ab4       0xc8 C:\Users\djjul\AppData\Local\arduino\cores\34f1621e9dd4ba609337d82e33f2cc4d\core.a(usb_core.c.o)
                0x08003ab4                Out0_Process
 .text.SetDeviceAddress
                0x08003b7c       0x38 C:\Users\djjul\AppData\Local\arduino\cores\34f1621e9dd4ba609337d82e33f2cc4d\core.a(usb_core.c.o)
                0x08003b7c                SetDeviceAddress
 .text.In0_Process
                0x08003bb4       0x5c C:\Users\djjul\AppData\Local\arduino\cores\34f1621e9dd4ba609337d82e33f2cc4d\core.a(usb_core.c.o)
                0x08003bb4                In0_Process
 .text.NOP_Process
                0x08003c10        0x2 C:\Users\djjul\AppData\Local\arduino\cores\34f1621e9dd4ba609337d82e33f2cc4d\core.a(usb_core.c.o)
                0x08003c10                NOP_Process
 .text.UserToPMABufferCopy
                0x08003c12       0x30 C:\Users\djjul\AppData\Local\arduino\cores\34f1621e9dd4ba609337d82e33f2cc4d\core.a(usb_mem.c.o)
                0x08003c12                UserToPMABufferCopy
 .text.PMAToUserBufferCopy
                0x08003c42       0x32 C:\Users\djjul\AppData\Local\arduino\cores\34f1621e9dd4ba609337d82e33f2cc4d\core.a(usb_mem.c.o)
                0x08003c42                PMAToUserBufferCopy
 .text.SetEPTxStatus
                0x08003c74       0x2a C:\Users\djjul\AppData\Local\arduino\cores\34f1621e9dd4ba609337d82e33f2cc4d\core.a(usb_regs.c.o)
                0x08003c74                SetEPTxStatus
 .text.ClearDTOG_RX
                0x08003c9e       0x20 C:\Users\djjul\AppData\Local\arduino\cores\34f1621e9dd4ba609337d82e33f2cc4d\core.a(usb_regs.c.o)
                0x08003c9e                ClearDTOG_RX
 .text.ClearDTOG_TX
                0x08003cbe       0x20 C:\Users\djjul\AppData\Local\arduino\cores\34f1621e9dd4ba609337d82e33f2cc4d\core.a(usb_regs.c.o)
                0x08003cbe                ClearDTOG_TX
 *fill*         0x08003cde        0x2 
 .text.GetEPTxAddr
                0x08003ce0       0x1c C:\Users\djjul\AppData\Local\arduino\cores\34f1621e9dd4ba609337d82e33f2cc4d\core.a(usb_regs.c.o)
                0x08003ce0                GetEPTxAddr
 .text.GetEPRxAddr
                0x08003cfc       0x1c C:\Users\djjul\AppData\Local\arduino\cores\34f1621e9dd4ba609337d82e33f2cc4d\core.a(usb_regs.c.o)
                0x08003cfc                GetEPRxAddr
 .text.SetEPTxCount
                0x08003d18       0x1c C:\Users\djjul\AppData\Local\arduino\cores\34f1621e9dd4ba609337d82e33f2cc4d\core.a(usb_regs.c.o)
                0x08003d18                SetEPTxCount
 .text.SetEPRxCount
                0x08003d34       0x40 C:\Users\djjul\AppData\Local\arduino\cores\34f1621e9dd4ba609337d82e33f2cc4d\core.a(usb_regs.c.o)
                0x08003d34                SetEPRxCount
 .text.throb    0x08003d74       0x4c C:\Users\djjul\AppData\Local\arduino\cores\34f1621e9dd4ba609337d82e33f2cc4d\core.a(util.c.o)
                0x08003d74                throb
 .text.__error  0x08003dc0       0x14 C:\Users\djjul\AppData\Local\arduino\cores\34f1621e9dd4ba609337d82e33f2cc4d\core.a(util.c.o)
                0x08003dc0                __error
 .text.startup._Z7premainv
                0x08003dd4        0x4 C:\Users\djjul\AppData\Local\arduino\cores\34f1621e9dd4ba609337d82e33f2cc4d\core.a(main.cpp.o)
                0x08003dd4                premain()
 .text.startup.main
                0x08003dd8        0xc C:\Users\djjul\AppData\Local\arduino\cores\34f1621e9dd4ba609337d82e33f2cc4d\core.a(main.cpp.o)
                0x08003dd8                main
 .text._Z8pwmWriteht
                0x08003de4       0x24 C:\Users\djjul\AppData\Local\arduino\cores\34f1621e9dd4ba609337d82e33f2cc4d\core.a(pwm.cpp.o)
                0x08003de4                pwmWrite(unsigned char, unsigned short)
 .text._Z11analogWritehi
                0x08003e08       0x1c C:\Users\djjul\AppData\Local\arduino\cores\34f1621e9dd4ba609337d82e33f2cc4d\core.a(pwm.cpp.o)
                0x08003e08                analogWrite(unsigned char, int)
 .text._Z7pulseInmmm
                0x08003e24       0x84 C:\Users\djjul\AppData\Local\arduino\cores\34f1621e9dd4ba609337d82e33f2cc4d\core.a(wiring_pulse_f1.cpp.o)
                0x08003e24                pulseIn(unsigned long, unsigned long, unsigned long)
 .text._Z7pinModeh13WiringPinMode
                0x08003ea8       0x84 C:\Users\djjul\AppData\Local\arduino\cores\34f1621e9dd4ba609337d82e33f2cc4d\core.a(wirish_digital_f1.cpp.o)
                0x08003ea8                pinMode(unsigned char, WiringPinMode)
 .text._Z11digitalReadh
                0x08003f2c       0x2c C:\Users\djjul\AppData\Local\arduino\cores\34f1621e9dd4ba609337d82e33f2cc4d\core.a(wirish_digital.cpp.o)
                0x08003f2c                digitalRead(unsigned char)
 .text.micros   0x08003f58       0x2c C:\Users\djjul\AppData\Local\arduino\cores\34f1621e9dd4ba609337d82e33f2cc4d\core.a(wirish_time.cpp.o)
 .text.delay    0x08003f84       0x2a C:\Users\djjul\AppData\Local\arduino\cores\34f1621e9dd4ba609337d82e33f2cc4d\core.a(wirish_time.cpp.o)
                0x08003f84                delay
 .text.__empty  0x08003fae        0x2 C:\Users\djjul\AppData\Local\arduino\cores\34f1621e9dd4ba609337d82e33f2cc4d\core.a(hooks.c.o)
                0x08003fae                yield
 .text.gpio_init
                0x08003fb0       0x14 C:\Users\djjul\AppData\Local\arduino\cores\34f1621e9dd4ba609337d82e33f2cc4d\core.a(gpio.c.o)
                0x08003fb0                gpio_init
 .text          0x08003fc4       0x38 c:/users/djjul/appdata/local/arduino15/packages/arduino/tools/arm-none-eabi-gcc/4.8.3-2014q1/bin/../lib/gcc/arm-none-eabi/4.8.3/armv7-m\libgcc.a(_aeabi_ldivmod.o)
                0x08003fc4                __aeabi_ldivmod
 .text          0x08003ffc       0x2c c:/users/djjul/appdata/local/arduino15/packages/arduino/tools/arm-none-eabi-gcc/4.8.3-2014q1/bin/../lib/gcc/arm-none-eabi/4.8.3/armv7-m\libgcc.a(_aeabi_uldivmod.o)
                0x08003ffc                __aeabi_uldivmod
 .text          0x08004028       0x60 c:/users/djjul/appdata/local/arduino15/packages/arduino/tools/arm-none-eabi-gcc/4.8.3-2014q1/bin/../lib/gcc/arm-none-eabi/4.8.3/armv7-m\libgcc.a(bpabi.o)
                0x08004028                __gnu_ldivmod_helper
                0x08004058                __gnu_uldivmod_helper
 .text          0x08004088        0x4 c:/users/djjul/appdata/local/arduino15/packages/arduino/tools/arm-none-eabi-gcc/4.8.3-2014q1/bin/../lib/gcc/arm-none-eabi/4.8.3/armv7-m\libgcc.a(_dvmd_tls.o)
                0x08004088                __aeabi_idiv0
                0x08004088                __aeabi_ldiv0
 .text          0x0800408c      0x2a0 c:/users/djjul/appdata/local/arduino15/packages/arduino/tools/arm-none-eabi-gcc/4.8.3-2014q1/bin/../lib/gcc/arm-none-eabi/4.8.3/armv7-m\libgcc.a(_divdi3.o)
                0x0800408c                __divdi3
 .text          0x0800432c      0x290 c:/users/djjul/appdata/local/arduino15/packages/arduino/tools/arm-none-eabi-gcc/4.8.3-2014q1/bin/../lib/gcc/arm-none-eabi/4.8.3/armv7-m\libgcc.a(_udivdi3.o)
                0x0800432c                __udivdi3
 .text.exit     0x080045bc       0x28 c:/users/djjul/appdata/local/arduino15/packages/arduino/tools/arm-none-eabi-gcc/4.8.3-2014q1/bin/../lib/gcc/arm-none-eabi/4.8.3/../../../../arm-none-eabi/lib/armv7-m\libc_s.a(lib_a-exit.o)
                0x080045bc                exit
 .text.__libc_init_array
                0x080045e4       0x4c c:/users/djjul/appdata/local/arduino15/packages/arduino/tools/arm-none-eabi-gcc/4.8.3-2014q1/bin/../lib/gcc/arm-none-eabi/4.8.3/../../../../arm-none-eabi/lib/armv7-m\libc_s.a(lib_a-init.o)
                0x080045e4                __libc_init_array
 .text.strlen   0x08004630       0x10 c:/users/djjul/appdata/local/arduino15/packages/arduino/tools/arm-none-eabi-gcc/4.8.3-2014q1/bin/../lib/gcc/arm-none-eabi/4.8.3/../../../../arm-none-eabi/lib/armv7-m\libc_s.a(lib_a-strlen.o)
                0x08004630                strlen
 *(.plt)
 *(.gnu.warning)
 *(.glue_7t)
 .glue_7t       0x00000000        0x0 linker stubs
 *(.glue_7)
 .glue_7        0x00000000        0x0 linker stubs
 *(.vfp11_veneer)
 .vfp11_veneer  0x00000000        0x0 linker stubs
 *(.ARM.extab* .gnu.linkonce.armextab.*)
 *(.gcc_except_table)
 *(.eh_frame_hdr)
 *(.eh_frame)
 .eh_frame      0x08004640        0x0 c:/users/djjul/appdata/local/arduino15/packages/arduino/tools/arm-none-eabi-gcc/4.8.3-2014q1/bin/../lib/gcc/arm-none-eabi/4.8.3/armv7-m/crtbegin.o
                0x08004640                . = ALIGN (0x4)
 *(.init)
 .init          0x08004640        0x4 c:/users/djjul/appdata/local/arduino15/packages/arduino/tools/arm-none-eabi-gcc/4.8.3-2014q1/bin/../lib/gcc/arm-none-eabi/4.8.3/armv7-m/crti.o
                0x08004640                _init
 .init          0x08004644        0x8 c:/users/djjul/appdata/local/arduino15/packages/arduino/tools/arm-none-eabi-gcc/4.8.3-2014q1/bin/../lib/gcc/arm-none-eabi/4.8.3/armv7-m/crtn.o
                0x0800464c                . = ALIGN (0x4)
                0x0800464c                __preinit_array_start = .
 *(.preinit_array)
                0x0800464c                __preinit_array_end = .
                0x0800464c                . = ALIGN (0x4)
                0x0800464c                __init_array_start = .
 *(SORT(.init_array.*))
 .init_array.00101
                0x0800464c        0x4 C:\Users\djjul\AppData\Local\arduino\cores\34f1621e9dd4ba609337d82e33f2cc4d\core.a(main.cpp.o)
 *(.init_array)
 .init_array    0x08004650        0x4 c:/users/djjul/appdata/local/arduino15/packages/arduino/tools/arm-none-eabi-gcc/4.8.3-2014q1/bin/../lib/gcc/arm-none-eabi/4.8.3/armv7-m/crtbegin.o
 .init_array    0x08004654        0x4 C:\Users\djjul\AppData\Local\arduino\sketches\1B51BB292BAE7E0DF92AF1B7C3D3F9BB\sketch\dois_canais_display.ino.cpp.o
 .init_array    0x08004658        0x4 C:\Users\djjul\AppData\Local\arduino\sketches\1B51BB292BAE7E0DF92AF1B7C3D3F9BB\libraries\Wire\Wire.cpp.o
 .init_array    0x0800465c        0x4 C:\Users\djjul\AppData\Local\arduino\sketches\1B51BB292BAE7E0DF92AF1B7C3D3F9BB\libraries\EEPROM\EEPROM.cpp.o
 .init_array    0x08004660        0x4 C:\Users\djjul\AppData\Local\arduino\sketches\1B51BB292BAE7E0DF92AF1B7C3D3F9BB\core\board.cpp.o
                0x08004664                __init_array_end = .
                0x08004664                . = ALIGN (0x4)
 *crtbegin.o(.ctors)
 *(EXCLUDE_FILE(*crtend.o) .ctors)
 *(SORT(.ctors.*))
 *crtend.o(.ctors)
                0x08004664                . = ALIGN (0x4)
 *(.fini)
 .fini          0x08004664        0x4 c:/users/djjul/appdata/local/arduino15/packages/arduino/tools/arm-none-eabi-gcc/4.8.3-2014q1/bin/../lib/gcc/arm-none-eabi/4.8.3/armv7-m/crti.o
                0x08004664                _fini
 .fini          0x08004668        0x8 c:/users/djjul/appdata/local/arduino15/packages/arduino/tools/arm-none-eabi-gcc/4.8.3-2014q1/bin/../lib/gcc/arm-none-eabi/4.8.3/armv7-m/crtn.o
                0x08004670                . = ALIGN (0x4)
                0x08004670                __fini_array_start = .
 *(.fini_array)
 .fini_array    0x08004670        0x4 c:/users/djjul/appdata/local/arduino15/packages/arduino/tools/arm-none-eabi-gcc/4.8.3-2014q1/bin/../lib/gcc/arm-none-eabi/4.8.3/armv7-m/crtbegin.o
 .fini_array    0x08004674        0x4 C:\Users\djjul\AppData\Local\arduino\sketches\1B51BB292BAE7E0DF92AF1B7C3D3F9BB\libraries\Wire\Wire.cpp.o
 *(SORT(.fini_array.*))
                0x08004678                __fini_array_end = .
 *crtbegin.o(.dtors)
 *(EXCLUDE_FILE(*crtend.o) .dtors)
 *(SORT(.dtors.*))
 *crtend.o(.dtors)

.v4_bx          0x08004678        0x0
 .v4_bx         0x00000000        0x0 linker stubs

.iplt           0x08004678        0x0
 .iplt          0x00000000        0x0 c:/users/djjul/appdata/local/arduino15/packages/arduino/tools/arm-none-eabi-gcc/4.8.3-2014q1/bin/../lib/gcc/arm-none-eabi/4.8.3/armv7-m/crtbegin.o

.text.align     0x08004678        0x0
                0x08004678                . = ALIGN (0x8)
                0x08004678                __text_end__ = .
                0x08004678                __exidx_start = .

.ARM.exidx      0x08004678        0x8
 *(.ARM.exidx* .gnu.linkonce.armexidx.*)
 .ARM.exidx     0x08004678        0x8 C:\Users\djjul\AppData\Local\arduino\sketches\1B51BB292BAE7E0DF92AF1B7C3D3F9BB\core\wirish\start.S.o
 .ARM.exidx     0x08004680        0x0 c:/users/djjul/appdata/local/arduino15/packages/arduino/tools/arm-none-eabi-gcc/4.8.3-2014q1/bin/../lib/gcc/arm-none-eabi/4.8.3/armv7-m\libgcc.a(_divdi3.o)
                                  0x8 (size before relaxing)
 .ARM.exidx     0x08004680        0x0 c:/users/djjul/appdata/local/arduino15/packages/arduino/tools/arm-none-eabi-gcc/4.8.3-2014q1/bin/../lib/gcc/arm-none-eabi/4.8.3/armv7-m\libgcc.a(_udivdi3.o)
                                  0x8 (size before relaxing)
                0x08004680                __exidx_end = .

.data           0x20000000      0x480 load address 0x08004680
                0x20000000                __data_start__ = .
                0x20000000        0x4 LONG 0x0
                0x20000008                . = ALIGN (0x8)
 *fill*         0x20000004        0x4 
 *(.got.plt)
 *(.got)
 *(.data .data.* .gnu.linkonce.d.*)
 .data.brilhoGeral
                0x20000008        0x4 C:\Users\djjul\AppData\Local\arduino\sketches\1B51BB292BAE7E0DF92AF1B7C3D3F9BB\sketch\dois_canais_display.ino.cpp.o
                0x20000008                brilhoGeral
 .data.telaAcesa
                0x2000000c        0x1 C:\Users\djjul\AppData\Local\arduino\sketches\1B51BB292BAE7E0DF92AF1B7C3D3F9BB\sketch\dois_canais_display.ino.cpp.o
                0x2000000c                telaAcesa
 *fill*         0x2000000d        0x3 
 .data.enderecoDMX
                0x20000010        0x4 C:\Users\djjul\AppData\Local\arduino\sketches\1B51BB292BAE7E0DF92AF1B7C3D3F9BB\sketch\dois_canais_display.ino.cpp.o
                0x20000010                enderecoDMX
 .data.velocidad
                0x20000014        0x4 C:\Users\djjul\AppData\Local\arduino\sketches\1B51BB292BAE7E0DF92AF1B7C3D3F9BB\sketch\dois_canais_display.ino.cpp.o
                0x20000014                velocidad
 .data.fadeDirection
                0x20000018        0x1 C:\Users\djjul\AppData\Local\arduino\sketches\1B51BB292BAE7E0DF92AF1B7C3D3F9BB\sketch\dois_canais_display.ino.cpp.o
                0x20000018                fadeDirection
 *fill*         0x20000019        0x3 
 .data._ZN6wirish4privL8pll_dataE
                0x2000001c        0x4 C:\Users\djjul\AppData\Local\arduino\sketches\1B51BB292BAE7E0DF92AF1B7C3D3F9BB\core\wirish\boards_setup.cpp.o
 .data._ZN6wirish4priv9w_adc_smpE
                0x20000020        0x1 C:\Users\djjul\AppData\Local\arduino\sketches\1B51BB292BAE7E0DF92AF1B7C3D3F9BB\core\wirish\boards_setup.cpp.o
                0x20000020                wirish::priv::w_adc_smp
 *fill*         0x20000021        0x1 
 .data._ZN6wirish4priv9w_adc_preE
                0x20000022        0x2 C:\Users\djjul\AppData\Local\arduino\sketches\1B51BB292BAE7E0DF92AF1B7C3D3F9BB\core\wirish\boards_setup.cpp.o
                0x20000022                wirish::priv::w_adc_pre
 .data._ZN6wirish4priv15w_board_pll_cfgE
                0x20000024        0x8 C:\Users\djjul\AppData\Local\arduino\sketches\1B51BB292BAE7E0DF92AF1B7C3D3F9BB\core\wirish\boards_setup.cpp.o
                0x20000024                wirish::priv::w_board_pll_cfg
 .data.adc2     0x2000002c        0x8 C:\Users\djjul\AppData\Local\arduino\cores\34f1621e9dd4ba609337d82e33f2cc4d\core.a(adc_f1.c.o)
                0x2000002c                adc2
 .data.adc1     0x20000034       0x18 C:\Users\djjul\AppData\Local\arduino\cores\34f1621e9dd4ba609337d82e33f2cc4d\core.a(adc_f1.c.o)
                0x20000034                adc1
 .data.ADC2     0x2000004c        0x4 C:\Users\djjul\AppData\Local\arduino\cores\34f1621e9dd4ba609337d82e33f2cc4d\core.a(adc_f1.c.o)
                0x2000004c                ADC2
 .data.ADC1     0x20000050        0x4 C:\Users\djjul\AppData\Local\arduino\cores\34f1621e9dd4ba609337d82e33f2cc4d\core.a(adc_f1.c.o)
                0x20000050                ADC1
 .data.dma1     0x20000054       0x40 C:\Users\djjul\AppData\Local\arduino\cores\34f1621e9dd4ba609337d82e33f2cc4d\core.a(dma_f1.c.o)
 .data.DMA1     0x20000094        0x4 C:\Users\djjul\AppData\Local\arduino\cores\34f1621e9dd4ba609337d82e33f2cc4d\core.a(dma_f1.c.o)
                0x20000094                DMA1
 .data.gpioa    0x20000098        0x8 C:\Users\djjul\AppData\Local\arduino\cores\34f1621e9dd4ba609337d82e33f2cc4d\core.a(gpio_f1.c.o)
                0x20000098                gpioa
 .data.gpiob    0x200000a0        0x8 C:\Users\djjul\AppData\Local\arduino\cores\34f1621e9dd4ba609337d82e33f2cc4d\core.a(gpio_f1.c.o)
                0x200000a0                gpiob
 .data.gpioc    0x200000a8        0x8 C:\Users\djjul\AppData\Local\arduino\cores\34f1621e9dd4ba609337d82e33f2cc4d\core.a(gpio_f1.c.o)
                0x200000a8                gpioc
 .data.gpiod    0x200000b0        0x8 C:\Users\djjul\AppData\Local\arduino\cores\34f1621e9dd4ba609337d82e33f2cc4d\core.a(gpio_f1.c.o)
                0x200000b0                gpiod
 .data.i2c1     0x200000b8       0x38 C:\Users\djjul\AppData\Local\arduino\cores\34f1621e9dd4ba609337d82e33f2cc4d\core.a(i2c_f1.c.o)
 .data.i2c2     0x200000f0       0x38 C:\Users\djjul\AppData\Local\arduino\cores\34f1621e9dd4ba609337d82e33f2cc4d\core.a(i2c_f1.c.o)
 .data.enable_regs.4411
                0x20000128        0xc C:\Users\djjul\AppData\Local\arduino\cores\34f1621e9dd4ba609337d82e33f2cc4d\core.a(rcc_f1.c.o)
 .data.reset_regs.4415
                0x20000134        0x8 C:\Users\djjul\AppData\Local\arduino\cores\34f1621e9dd4ba609337d82e33f2cc4d\core.a(rcc_f1.c.o)
 .data.enable_regs.4424
                0x2000013c        0xc C:\Users\djjul\AppData\Local\arduino\cores\34f1621e9dd4ba609337d82e33f2cc4d\core.a(rcc_f1.c.o)
 .data.timer3   0x20000148       0x24 C:\Users\djjul\AppData\Local\arduino\cores\34f1621e9dd4ba609337d82e33f2cc4d\core.a(timer.c.o)
                0x20000148                timer3
 .data.timer4   0x2000016c       0x24 C:\Users\djjul\AppData\Local\arduino\cores\34f1621e9dd4ba609337d82e33f2cc4d\core.a(timer.c.o)
                0x2000016c                timer4
 .data.timer1   0x20000190       0x28 C:\Users\djjul\AppData\Local\arduino\cores\34f1621e9dd4ba609337d82e33f2cc4d\core.a(timer.c.o)
                0x20000190                timer1
 .data.timer2   0x200001b8       0x24 C:\Users\djjul\AppData\Local\arduino\cores\34f1621e9dd4ba609337d82e33f2cc4d\core.a(timer.c.o)
                0x200001b8                timer2
 .data.USART1   0x200001dc        0x4 C:\Users\djjul\AppData\Local\arduino\cores\34f1621e9dd4ba609337d82e33f2cc4d\core.a(usart_f1.c.o)
                0x200001dc                USART1
 .data.USART2   0x200001e0        0x4 C:\Users\djjul\AppData\Local\arduino\cores\34f1621e9dd4ba609337d82e33f2cc4d\core.a(usart_f1.c.o)
                0x200001e0                USART2
 .data.USART3   0x200001e4        0x4 C:\Users\djjul\AppData\Local\arduino\cores\34f1621e9dd4ba609337d82e33f2cc4d\core.a(usart_f1.c.o)
                0x200001e4                USART3
 .data.usart1   0x200001e8       0x94 C:\Users\djjul\AppData\Local\arduino\cores\34f1621e9dd4ba609337d82e33f2cc4d\core.a(usart_f1.c.o)
 .data.usart2   0x2000027c       0x94 C:\Users\djjul\AppData\Local\arduino\cores\34f1621e9dd4ba609337d82e33f2cc4d\core.a(usart_f1.c.o)
 .data.usart3   0x20000310       0x94 C:\Users\djjul\AppData\Local\arduino\cores\34f1621e9dd4ba609337d82e33f2cc4d\core.a(usart_f1.c.o)
 .data.USBLIB   0x200003a4        0x4 C:\Users\djjul\AppData\Local\arduino\cores\34f1621e9dd4ba609337d82e33f2cc4d\core.a(usb.c.o)
                0x200003a4                USBLIB
 .data.usblib   0x200003a8       0x10 C:\Users\djjul\AppData\Local\arduino\cores\34f1621e9dd4ba609337d82e33f2cc4d\core.a(usb.c.o)
 .data.Config_Descriptor
                0x200003b8        0x8 C:\Users\djjul\AppData\Local\arduino\cores\34f1621e9dd4ba609337d82e33f2cc4d\core.a(usb_cdcacm.c.o)
 .data.Device_Property
                0x200003c0       0x30 C:\Users\djjul\AppData\Local\arduino\cores\34f1621e9dd4ba609337d82e33f2cc4d\core.a(usb_cdcacm.c.o)
                0x200003c0                Device_Property
 .data.String_Descriptor
                0x200003f0       0x18 C:\Users\djjul\AppData\Local\arduino\cores\34f1621e9dd4ba609337d82e33f2cc4d\core.a(usb_cdcacm.c.o)
 .data.line_coding
                0x20000408        0x7 C:\Users\djjul\AppData\Local\arduino\cores\34f1621e9dd4ba609337d82e33f2cc4d\core.a(usb_cdcacm.c.o)
 *fill*         0x2000040f        0x1 
 .data.Device_Descriptor
                0x20000410        0x8 C:\Users\djjul\AppData\Local\arduino\cores\34f1621e9dd4ba609337d82e33f2cc4d\core.a(usb_cdcacm.c.o)
 .data.Device_Table
                0x20000418        0x2 C:\Users\djjul\AppData\Local\arduino\cores\34f1621e9dd4ba609337d82e33f2cc4d\core.a(usb_cdcacm.c.o)
                0x20000418                Device_Table
 *fill*         0x2000041a        0x2 
 .data.impure_data
                0x2000041c       0x60 c:/users/djjul/appdata/local/arduino15/packages/arduino/tools/arm-none-eabi-gcc/4.8.3-2014q1/bin/../lib/gcc/arm-none-eabi/4.8.3/../../../../arm-none-eabi/lib/armv7-m\libc_s.a(lib_a-impure.o)
                0x20000480                . = ALIGN (0x8)
 *fill*         0x2000047c        0x4 
                0x20000480                __data_end__ = .

.jcr            0x20000480        0x0 load address 0x08004b00
 .jcr           0x20000480        0x0 c:/users/djjul/appdata/local/arduino15/packages/arduino/tools/arm-none-eabi-gcc/4.8.3-2014q1/bin/../lib/gcc/arm-none-eabi/4.8.3/armv7-m/crtbegin.o

.igot.plt       0x20000480        0x0 load address 0x08004b00
 .igot.plt      0x00000000        0x0 c:/users/djjul/appdata/local/arduino15/packages/arduino/tools/arm-none-eabi-gcc/4.8.3-2014q1/bin/../lib/gcc/arm-none-eabi/4.8.3/armv7-m/crtbegin.o

.rodata         0x08004b00      0x76c
 *(.rodata .rodata.* .gnu.linkonce.r.*)
 .rodata._ZTV16SSD1306AsciiWire
                0x08004b00       0x18 C:\Users\djjul\AppData\Local\arduino\sketches\1B51BB292BAE7E0DF92AF1B7C3D3F9BB\sketch\dois_canais_display.ino.cpp.o
                0x08004b00                vtable for SSD1306AsciiWire
 .rodata._ZL14Adafruit128x64
                0x08004b18        0x8 C:\Users\djjul\AppData\Local\arduino\sketches\1B51BB292BAE7E0DF92AF1B7C3D3F9BB\sketch\dois_canais_display.ino.cpp.o
 .rodata.str1.1
                0x08004b20      0x105 C:\Users\djjul\AppData\Local\arduino\sketches\1B51BB292BAE7E0DF92AF1B7C3D3F9BB\sketch\dois_canais_display.ino.cpp.o
 .rodata._ZL11Adafruit5x7
                0x08004c25      0x1e6 C:\Users\djjul\AppData\Local\arduino\sketches\1B51BB292BAE7E0DF92AF1B7C3D3F9BB\sketch\dois_canais_display.ino.cpp.o
 .rodata._ZL18Adafruit128x64init
                0x08004e0b       0x19 C:\Users\djjul\AppData\Local\arduino\sketches\1B51BB292BAE7E0DF92AF1B7C3D3F9BB\sketch\dois_canais_display.ino.cpp.o
 *fill*         0x08004e24        0x4 
 .rodata._ZTV7TwoWire
                0x08004e28       0x18 C:\Users\djjul\AppData\Local\arduino\sketches\1B51BB292BAE7E0DF92AF1B7C3D3F9BB\libraries\Wire\Wire.cpp.o
                0x08004e28                vtable for TwoWire
 .rodata._ZTV8WireBase
                0x08004e40       0x18 C:\Users\djjul\AppData\Local\arduino\sketches\1B51BB292BAE7E0DF92AF1B7C3D3F9BB\libraries\Wire\utility\WireBase.cpp.o
                0x08004e40                vtable for WireBase
 .rodata._ZL12scaledNibble
                0x08004e58       0x10 C:\Users\djjul\AppData\Local\arduino\sketches\1B51BB292BAE7E0DF92AF1B7C3D3F9BB\libraries\SSD1306Ascii\SSD1306Ascii.cpp.o
 .rodata.PIN_MAP
                0x08004e68      0x2e0 C:\Users\djjul\AppData\Local\arduino\sketches\1B51BB292BAE7E0DF92AF1B7C3D3F9BB\core\board.cpp.o
                0x08004e68                PIN_MAP
 .rodata._ZTV14HardwareSerial
                0x08005148       0x28 C:\Users\djjul\AppData\Local\arduino\cores\34f1621e9dd4ba609337d82e33f2cc4d\core.a(HardwareSerial.cpp.o)
                0x08005148                vtable for HardwareSerial
 .rodata.GPIOB  0x08005170        0x4 C:\Users\djjul\AppData\Local\arduino\cores\34f1621e9dd4ba609337d82e33f2cc4d\core.a(gpio_f1.c.o)
                0x08005170                GPIOB
 .rodata.I2C1   0x08005174        0x4 C:\Users\djjul\AppData\Local\arduino\cores\34f1621e9dd4ba609337d82e33f2cc4d\core.a(i2c_f1.c.o)
                0x08005174                I2C1
 .rodata.rcc_dev_table
                0x08005178       0x5c C:\Users\djjul\AppData\Local\arduino\cores\34f1621e9dd4ba609337d82e33f2cc4d\core.a(rcc_f1.c.o)
                0x08005178                rcc_dev_table
 .rodata.masks.4420
                0x080051d4       0x14 C:\Users\djjul\AppData\Local\arduino\cores\34f1621e9dd4ba609337d82e33f2cc4d\core.a(rcc_f1.c.o)
 .rodata.usbVcomDescriptor_iProduct
                0x080051e8        0xc C:\Users\djjul\AppData\Local\arduino\cores\34f1621e9dd4ba609337d82e33f2cc4d\core.a(usb_cdcacm.c.o)
 .rodata.usbVcomDescriptor_iManufacturer
                0x080051f4       0x12 C:\Users\djjul\AppData\Local\arduino\cores\34f1621e9dd4ba609337d82e33f2cc4d\core.a(usb_cdcacm.c.o)
 .rodata.usbVcomDescriptor_Device
                0x08005206       0x12 C:\Users\djjul\AppData\Local\arduino\cores\34f1621e9dd4ba609337d82e33f2cc4d\core.a(usb_cdcacm.c.o)
 .rodata.usbVcomDescriptor_Config
                0x08005218       0x43 C:\Users\djjul\AppData\Local\arduino\cores\34f1621e9dd4ba609337d82e33f2cc4d\core.a(usb_cdcacm.c.o)
 .rodata.usbVcomDescriptor_LangID
                0x0800525b        0x4 C:\Users\djjul\AppData\Local\arduino\cores\34f1621e9dd4ba609337d82e33f2cc4d\core.a(usb_cdcacm.c.o)
 .rodata.str1.1
                0x0800525f        0x2 c:/users/djjul/appdata/local/arduino15/packages/arduino/tools/arm-none-eabi-gcc/4.8.3-2014q1/bin/../lib/gcc/arm-none-eabi/4.8.3/../../../../arm-none-eabi/lib/armv7-m\libc_s.a(lib_a-impure.o)
 *fill*         0x08005261        0x3 
 .rodata._global_impure_ptr
                0x08005264        0x4 c:/users/djjul/appdata/local/arduino15/packages/arduino/tools/arm-none-eabi-gcc/4.8.3-2014q1/bin/../lib/gcc/arm-none-eabi/4.8.3/../../../../arm-none-eabi/lib/armv7-m\libc_s.a(lib_a-impure.o)
                0x08005264                _global_impure_ptr
 *(.USER_FLASH)
                0x08005268                . = ALIGN (0x4)
                0x08005268                _lm_rom_img_cfgp = .
                0x08005268        0x4 LONG 0x8004680 LOADADDR (.data)
                0x200006d8                _lm_heap_start = DEFINED (_lm_heap_start)?_lm_heap_start:_end
                0x20005000                _lm_heap_end = DEFINED (_lm_heap_end)?_lm_heap_end:__msp_init

.rel.dyn        0x0800526c        0x0
 .rel.iplt      0x00000000        0x0 c:/users/djjul/appdata/local/arduino15/packages/arduino/tools/arm-none-eabi-gcc/4.8.3-2014q1/bin/../lib/gcc/arm-none-eabi/4.8.3/armv7-m/crtbegin.o

.bss            0x20000480      0x258
                0x20000480                . = ALIGN (0x8)
                0x20000480                __bss_start__ = .
 *(.bss .bss.* .gnu.linkonce.b.*)
 .bss           0x20000480       0x1c c:/users/djjul/appdata/local/arduino15/packages/arduino/tools/arm-none-eabi-gcc/4.8.3-2014q1/bin/../lib/gcc/arm-none-eabi/4.8.3/armv7-m/crtbegin.o
 .bss.parametroFocado
                0x2000049c        0x4 C:\Users\djjul\AppData\Local\arduino\sketches\1B51BB292BAE7E0DF92AF1B7C3D3F9BB\sketch\dois_canais_display.ino.cpp.o
                0x2000049c                parametroFocado
 .bss.modoAtual
                0x200004a0        0x4 C:\Users\djjul\AppData\Local\arduino\sketches\1B51BB292BAE7E0DF92AF1B7C3D3F9BB\sketch\dois_canais_display.ino.cpp.o
                0x200004a0                modoAtual
 .bss.dadosNovosDMX
                0x200004a4        0x1 C:\Users\djjul\AppData\Local\arduino\sketches\1B51BB292BAE7E0DF92AF1B7C3D3F9BB\sketch\dois_canais_display.ino.cpp.o
                0x200004a4                dadosNovosDMX
 *fill*         0x200004a5        0x3 
 .bss.ultimaAtualizacaoEfeito
                0x200004a8        0x4 C:\Users\djjul\AppData\Local\arduino\sketches\1B51BB292BAE7E0DF92AF1B7C3D3F9BB\sketch\dois_canais_display.ino.cpp.o
                0x200004a8                ultimaAtualizacaoEfeito
 .bss.ultimoDebounce
                0x200004ac        0x4 C:\Users\djjul\AppData\Local\arduino\sketches\1B51BB292BAE7E0DF92AF1B7C3D3F9BB\sketch\dois_canais_display.ino.cpp.o
                0x200004ac                ultimoDebounce
 .bss.oled      0x200004b0       0x24 C:\Users\djjul\AppData\Local\arduino\sketches\1B51BB292BAE7E0DF92AF1B7C3D3F9BB\sketch\dois_canais_display.ino.cpp.o
                0x200004b0                oled
 .bss.fadeValue
                0x200004d4        0x4 C:\Users\djjul\AppData\Local\arduino\sketches\1B51BB292BAE7E0DF92AF1B7C3D3F9BB\sketch\dois_canais_display.ino.cpp.o
                0x200004d4                fadeValue
 .bss.sistemaEmModoDMX
                0x200004d8        0x1 C:\Users\djjul\AppData\Local\arduino\sketches\1B51BB292BAE7E0DF92AF1B7C3D3F9BB\sketch\dois_canais_display.ino.cpp.o
                0x200004d8                sistemaEmModoDMX
 *fill*         0x200004d9        0x3 
 .bss.ultimoFiltroIR
                0x200004dc        0x4 C:\Users\djjul\AppData\Local\arduino\sketches\1B51BB292BAE7E0DF92AF1B7C3D3F9BB\sketch\dois_canais_display.ino.cpp.o
                0x200004dc                ultimoFiltroIR
 .bss.tempoUltimaAtividade
                0x200004e0        0x4 C:\Users\djjul\AppData\Local\arduino\sketches\1B51BB292BAE7E0DF92AF1B7C3D3F9BB\sketch\dois_canais_display.ino.cpp.o
                0x200004e0                tempoUltimaAtividade
 .bss.estadoStrobo
                0x200004e4        0x1 C:\Users\djjul\AppData\Local\arduino\sketches\1B51BB292BAE7E0DF92AF1B7C3D3F9BB\sketch\dois_canais_display.ino.cpp.o
                0x200004e4                estadoStrobo
 *fill*         0x200004e5        0x3 
 .bss.passoAlternado
                0x200004e8        0x4 C:\Users\djjul\AppData\Local\arduino\sketches\1B51BB292BAE7E0DF92AF1B7C3D3F9BB\sketch\dois_canais_display.ino.cpp.o
                0x200004e8                passoAlternado
 .bss.valoresDMX
                0x200004ec        0x4 C:\Users\djjul\AppData\Local\arduino\sketches\1B51BB292BAE7E0DF92AF1B7C3D3F9BB\sketch\dois_canais_display.ino.cpp.o
                0x200004ec                valoresDMX
 .bss.Wire      0x200004f0       0x60 C:\Users\djjul\AppData\Local\arduino\sketches\1B51BB292BAE7E0DF92AF1B7C3D3F9BB\libraries\Wire\Wire.cpp.o
                0x200004f0                Wire
 .bss.EEPROM    0x20000550       0x10 C:\Users\djjul\AppData\Local\arduino\sketches\1B51BB292BAE7E0DF92AF1B7C3D3F9BB\libraries\EEPROM\EEPROM.cpp.o
                0x20000550                EEPROM
 .bss.Serial1   0x20000560       0x18 C:\Users\djjul\AppData\Local\arduino\sketches\1B51BB292BAE7E0DF92AF1B7C3D3F9BB\core\board.cpp.o
                0x20000560                Serial1
 .bss.Serial2   0x20000578       0x18 C:\Users\djjul\AppData\Local\arduino\sketches\1B51BB292BAE7E0DF92AF1B7C3D3F9BB\core\board.cpp.o
                0x20000578                Serial2
 .bss.Serial3   0x20000590       0x18 C:\Users\djjul\AppData\Local\arduino\sketches\1B51BB292BAE7E0DF92AF1B7C3D3F9BB\core\board.cpp.o
                0x20000590                Serial3
 .bss.exti_channels
                0x200005a8       0x80 C:\Users\djjul\AppData\Local\arduino\cores\34f1621e9dd4ba609337d82e33f2cc4d\core.a(exti.c.o)
                0x200005a8                exti_channels
 .bss.systick_user_callback
                0x20000628        0x4 C:\Users\djjul\AppData\Local\arduino\cores\34f1621e9dd4ba609337d82e33f2cc4d\core.a(systick.c.o)
 .bss.usart1_wb
                0x2000062c        0xc C:\Users\djjul\AppData\Local\arduino\cores\34f1621e9dd4ba609337d82e33f2cc4d\core.a(usart_f1.c.o)
 .bss.usart1_rb
                0x20000638        0xc C:\Users\djjul\AppData\Local\arduino\cores\34f1621e9dd4ba609337d82e33f2cc4d\core.a(usart_f1.c.o)
 .bss.usart2_rb
                0x20000644        0xc C:\Users\djjul\AppData\Local\arduino\cores\34f1621e9dd4ba609337d82e33f2cc4d\core.a(usart_f1.c.o)
 .bss.usart3_rb
                0x20000650        0xc C:\Users\djjul\AppData\Local\arduino\cores\34f1621e9dd4ba609337d82e33f2cc4d\core.a(usart_f1.c.o)
 .bss.usart2_wb
                0x2000065c        0xc C:\Users\djjul\AppData\Local\arduino\cores\34f1621e9dd4ba609337d82e33f2cc4d\core.a(usart_f1.c.o)
 .bss.usart3_wb
                0x20000668        0xc C:\Users\djjul\AppData\Local\arduino\cores\34f1621e9dd4ba609337d82e33f2cc4d\core.a(usart_f1.c.o)
 .bss.line_dtr_rts
                0x20000674        0x1 C:\Users\djjul\AppData\Local\arduino\cores\34f1621e9dd4ba609337d82e33f2cc4d\core.a(usb_cdcacm.c.o)
 *fill*         0x20000675        0x3 
 .bss.tx_head   0x20000678        0x4 C:\Users\djjul\AppData\Local\arduino\cores\34f1621e9dd4ba609337d82e33f2cc4d\core.a(usb_cdcacm.c.o)
 .bss.transmitting
                0x2000067c        0x1 C:\Users\djjul\AppData\Local\arduino\cores\34f1621e9dd4ba609337d82e33f2cc4d\core.a(usb_cdcacm.c.o)
 *fill*         0x2000067d        0x3 
 .bss.rx_tail   0x20000680        0x4 C:\Users\djjul\AppData\Local\arduino\cores\34f1621e9dd4ba609337d82e33f2cc4d\core.a(usb_cdcacm.c.o)
 .bss.iface_setup_hook
                0x20000684        0x4 C:\Users\djjul\AppData\Local\arduino\cores\34f1621e9dd4ba609337d82e33f2cc4d\core.a(usb_cdcacm.c.o)
 .bss.rx_head   0x20000688        0x4 C:\Users\djjul\AppData\Local\arduino\cores\34f1621e9dd4ba609337d82e33f2cc4d\core.a(usb_cdcacm.c.o)
 .bss.tx_tail   0x2000068c        0x4 C:\Users\djjul\AppData\Local\arduino\cores\34f1621e9dd4ba609337d82e33f2cc4d\core.a(usb_cdcacm.c.o)
 .bss.Data_Mul_MaxPacketSize
                0x20000690        0x1 C:\Users\djjul\AppData\Local\arduino\cores\34f1621e9dd4ba609337d82e33f2cc4d\core.a(usb_core.c.o)
                0x20000690                Data_Mul_MaxPacketSize
 *(COMMON)
 *fill*         0x20000691        0x3 
 COMMON         0x20000694        0x4 C:\Users\djjul\AppData\Local\arduino\cores\34f1621e9dd4ba609337d82e33f2cc4d\core.a(systick.c.o)
                0x20000694                systick_uptime_millis
 COMMON         0x20000698        0x6 C:\Users\djjul\AppData\Local\arduino\cores\34f1621e9dd4ba609337d82e33f2cc4d\core.a(usb.c.o)
                0x20000698                SaveRState
                0x2000069a                SaveTState
                0x2000069c                ResumeS
 COMMON         0x2000069e        0x2 C:\Users\djjul\AppData\Local\arduino\cores\34f1621e9dd4ba609337d82e33f2cc4d\core.a(usb_core.c.o)
                0x2000069e                StatusInfo
 COMMON         0x200006a0       0x32 C:\Users\djjul\AppData\Local\arduino\cores\34f1621e9dd4ba609337d82e33f2cc4d\core.a(usb_init.c.o)
                0x200006a0                SaveState
                0x200006a4                pProperty
                0x200006a8                EPindex
                0x200006ac                Device_Info
                0x200006c8                pUser_Standard_Requests
                0x200006cc                pInformation
                0x200006d0                wInterrupt_Mask
                0x200006d8                . = ALIGN (0x8)
 *fill*         0x200006d2        0x6 
                0x200006d8                __bss_end__ = .
                0x200006d8                _end = __bss_end__

.stab
 *(.stab)

.stabstr
 *(.stabstr)

.debug
 *(.debug)

.line
 *(.line)

.debug_srcinfo
 *(.debug_srcinfo)

.debug_sfnames
 *(.debug_sfnames)

.debug_aranges  0x00000000     0x12e8
 *(.debug_aranges)
 .debug_aranges
                0x00000000       0x78 C:\Users\djjul\AppData\Local\arduino\sketches\1B51BB292BAE7E0DF92AF1B7C3D3F9BB\sketch\dois_canais_display.ino.cpp.o
 .debug_aranges
                0x00000078       0xa0 C:\Users\djjul\AppData\Local\arduino\sketches\1B51BB292BAE7E0DF92AF1B7C3D3F9BB\libraries\Wire\SoftWire.cpp.o
 .debug_aranges
                0x00000118       0x68 C:\Users\djjul\AppData\Local\arduino\sketches\1B51BB292BAE7E0DF92AF1B7C3D3F9BB\libraries\Wire\Wire.cpp.o
 .debug_aranges
                0x00000180       0x90 C:\Users\djjul\AppData\Local\arduino\sketches\1B51BB292BAE7E0DF92AF1B7C3D3F9BB\libraries\Wire\utility\WireBase.cpp.o
 .debug_aranges
                0x00000210       0xb0 C:\Users\djjul\AppData\Local\arduino\sketches\1B51BB292BAE7E0DF92AF1B7C3D3F9BB\libraries\EEPROM\EEPROM.cpp.o
 .debug_aranges
                0x000002c0       0x48 C:\Users\djjul\AppData\Local\arduino\sketches\1B51BB292BAE7E0DF92AF1B7C3D3F9BB\libraries\EEPROM\flash_stm32.c.o
 .debug_aranges
                0x00000308      0x108 C:\Users\djjul\AppData\Local\arduino\sketches\1B51BB292BAE7E0DF92AF1B7C3D3F9BB\libraries\SSD1306Ascii\SSD1306Ascii.cpp.o
 .debug_aranges
                0x00000410       0x28 C:\Users\djjul\AppData\Local\arduino\sketches\1B51BB292BAE7E0DF92AF1B7C3D3F9BB\core\board.cpp.o
 .debug_aranges
                0x00000438       0x40 C:\Users\djjul\AppData\Local\arduino\sketches\1B51BB292BAE7E0DF92AF1B7C3D3F9BB\core\wirish\boards.cpp.o
 .debug_aranges
                0x00000478       0x40 C:\Users\djjul\AppData\Local\arduino\sketches\1B51BB292BAE7E0DF92AF1B7C3D3F9BB\core\wirish\boards_setup.cpp.o
 .debug_aranges
                0x000004b8       0x20 C:\Users\djjul\AppData\Local\arduino\sketches\1B51BB292BAE7E0DF92AF1B7C3D3F9BB\core\wirish\start.S.o
 .debug_aranges
                0x000004d8       0x20 C:\Users\djjul\AppData\Local\arduino\sketches\1B51BB292BAE7E0DF92AF1B7C3D3F9BB\core\wirish\start_c.c.o
 .debug_aranges
                0x000004f8       0x88 C:\Users\djjul\AppData\Local\arduino\sketches\1B51BB292BAE7E0DF92AF1B7C3D3F9BB\core\wirish\syscalls.c.o
 .debug_aranges
                0x00000580       0x70 C:\Users\djjul\AppData\Local\arduino\cores\34f1621e9dd4ba609337d82e33f2cc4d\core.a(HardwareSerial.cpp.o)
 .debug_aranges
                0x000005f0      0x110 C:\Users\djjul\AppData\Local\arduino\cores\34f1621e9dd4ba609337d82e33f2cc4d\core.a(Print.cpp.o)
 .debug_aranges
                0x00000700       0x28 C:\Users\djjul\AppData\Local\arduino\cores\34f1621e9dd4ba609337d82e33f2cc4d\core.a(cxxabi-compat.cpp.o)
 .debug_aranges
                0x00000728       0x38 C:\Users\djjul\AppData\Local\arduino\cores\34f1621e9dd4ba609337d82e33f2cc4d\core.a(adc.c.o)
 .debug_aranges
                0x00000760       0x58 C:\Users\djjul\AppData\Local\arduino\cores\34f1621e9dd4ba609337d82e33f2cc4d\core.a(adc_f1.c.o)
 .debug_aranges
                0x000007b8       0xb0 C:\Users\djjul\AppData\Local\arduino\cores\34f1621e9dd4ba609337d82e33f2cc4d\core.a(dma_f1.c.o)
 .debug_aranges
                0x00000868       0x20 C:\Users\djjul\AppData\Local\arduino\cores\34f1621e9dd4ba609337d82e33f2cc4d\core.a(exc.S.o)
 .debug_aranges
                0x00000888       0x80 C:\Users\djjul\AppData\Local\arduino\cores\34f1621e9dd4ba609337d82e33f2cc4d\core.a(exti.c.o)
 .debug_aranges
                0x00000908       0x20 C:\Users\djjul\AppData\Local\arduino\cores\34f1621e9dd4ba609337d82e33f2cc4d\core.a(exti_f1.c.o)
 .debug_aranges
                0x00000928       0x20 C:\Users\djjul\AppData\Local\arduino\cores\34f1621e9dd4ba609337d82e33f2cc4d\core.a(flash.c.o)
 .debug_aranges
                0x00000948       0x48 C:\Users\djjul\AppData\Local\arduino\cores\34f1621e9dd4ba609337d82e33f2cc4d\core.a(gpio_f1.c.o)
 .debug_aranges
                0x00000990       0x88 C:\Users\djjul\AppData\Local\arduino\cores\34f1621e9dd4ba609337d82e33f2cc4d\core.a(i2c.c.o)
 .debug_aranges
                0x00000a18       0x50 C:\Users\djjul\AppData\Local\arduino\cores\34f1621e9dd4ba609337d82e33f2cc4d\core.a(i2c_f1.c.o)
 .debug_aranges
                0x00000a68       0x38 C:\Users\djjul\AppData\Local\arduino\cores\34f1621e9dd4ba609337d82e33f2cc4d\core.a(nvic.c.o)
 .debug_aranges
                0x00000aa0       0x48 C:\Users\djjul\AppData\Local\arduino\cores\34f1621e9dd4ba609337d82e33f2cc4d\core.a(rcc.c.o)
 .debug_aranges
                0x00000ae8       0x48 C:\Users\djjul\AppData\Local\arduino\cores\34f1621e9dd4ba609337d82e33f2cc4d\core.a(rcc_f1.c.o)
 .debug_aranges
                0x00000b30       0x20 C:\Users\djjul\AppData\Local\arduino\cores\34f1621e9dd4ba609337d82e33f2cc4d\core.a(isrs.S.o)
 .debug_aranges
                0x00000b50       0x40 C:\Users\djjul\AppData\Local\arduino\cores\34f1621e9dd4ba609337d82e33f2cc4d\core.a(systick.c.o)
 .debug_aranges
                0x00000b90       0xb0 C:\Users\djjul\AppData\Local\arduino\cores\34f1621e9dd4ba609337d82e33f2cc4d\core.a(timer.c.o)
 .debug_aranges
                0x00000c40       0x48 C:\Users\djjul\AppData\Local\arduino\cores\34f1621e9dd4ba609337d82e33f2cc4d\core.a(usart.c.o)
 .debug_aranges
                0x00000c88       0x50 C:\Users\djjul\AppData\Local\arduino\cores\34f1621e9dd4ba609337d82e33f2cc4d\core.a(usart_f1.c.o)
 .debug_aranges
                0x00000cd8       0x20 C:\Users\djjul\AppData\Local\arduino\cores\34f1621e9dd4ba609337d82e33f2cc4d\core.a(usart_private.c.o)
 .debug_aranges
                0x00000cf8       0x38 C:\Users\djjul\AppData\Local\arduino\cores\34f1621e9dd4ba609337d82e33f2cc4d\core.a(usb.c.o)
 .debug_aranges
                0x00000d30      0x128 C:\Users\djjul\AppData\Local\arduino\cores\34f1621e9dd4ba609337d82e33f2cc4d\core.a(usb_cdcacm.c.o)
 .debug_aranges
                0x00000e58       0x20 C:\Users\djjul\AppData\Local\arduino\cores\34f1621e9dd4ba609337d82e33f2cc4d\core.a(usb_reg_map.c.o)
 .debug_aranges
                0x00000e78       0x98 C:\Users\djjul\AppData\Local\arduino\cores\34f1621e9dd4ba609337d82e33f2cc4d\core.a(usb_core.c.o)
 .debug_aranges
                0x00000f10       0x20 C:\Users\djjul\AppData\Local\arduino\cores\34f1621e9dd4ba609337d82e33f2cc4d\core.a(usb_init.c.o)